mode: atomic
github.com/Dokhoyan/avito-pr-test/internal/config/config.go:9.30,11.39 2 0
github.com/Dokhoyan/avito-pr-test/internal/config/config.go:11.39,13.3 1 0
github.com/Dokhoyan/avito-pr-test/internal/config/config.go:15.2,15.12 1 0
github.com/Dokhoyan/avito-pr-test/internal/config/http.go:20.42,22.20 2 0
github.com/Dokhoyan/avito-pr-test/internal/config/http.go:22.20,24.3 1 0
github.com/Dokhoyan/avito-pr-test/internal/config/http.go:26.2,27.20 2 0
github.com/Dokhoyan/avito-pr-test/internal/config/http.go:27.20,29.3 1 0
github.com/Dokhoyan/avito-pr-test/internal/config/http.go:31.2,34.8 1 0
github.com/Dokhoyan/avito-pr-test/internal/config/http.go:37.41,39.2 1 0
github.com/Dokhoyan/avito-pr-test/internal/config/pg.go:17.39,19.19 2 0
github.com/Dokhoyan/avito-pr-test/internal/config/pg.go:19.19,21.3 1 0
github.com/Dokhoyan/avito-pr-test/internal/config/pg.go:23.2,25.8 1 0
github.com/Dokhoyan/avito-pr-test/internal/config/pg.go:28.35,30.2 1 0
github.com/Dokhoyan/avito-pr-test/internal/http-server/handlers/pr/create.go:20.73,21.33 1 0
github.com/Dokhoyan/avito-pr-test/internal/http-server/handlers/pr/create.go:21.33,37.3 5 0
github.com/Dokhoyan/avito-pr-test/internal/http-server/handlers/pr/create.go:39.2,41.61 2 0
github.com/Dokhoyan/avito-pr-test/internal/http-server/handlers/pr/create.go:41.61,58.3 5 0
github.com/Dokhoyan/avito-pr-test/internal/http-server/handlers/pr/create.go:60.2,66.16 3 0
github.com/Dokhoyan/avito-pr-test/internal/http-server/handlers/pr/create.go:66.16,67.10 1 0
github.com/Dokhoyan/avito-pr-test/internal/http-server/handlers/pr/create.go:68.44,81.8 4 0
github.com/Dokhoyan/avito-pr-test/internal/http-server/handlers/pr/create.go:82.48,95.8 4 0
github.com/Dokhoyan/avito-pr-test/internal/http-server/handlers/pr/create.go:96.48,109.8 4 0
github.com/Dokhoyan/avito-pr-test/internal/http-server/handlers/pr/create.go:110.48,123.8 4 0
github.com/Dokhoyan/avito-pr-test/internal/http-server/handlers/pr/create.go:124.11,137.6 4 0
github.com/Dokhoyan/avito-pr-test/internal/http-server/handlers/pr/create.go:140.3,140.9 1 0
github.com/Dokhoyan/avito-pr-test/internal/http-server/handlers/pr/create.go:143.2,147.4 3 0
github.com/Dokhoyan/avito-pr-test/internal/http-server/handlers/pr/merge.go:18.72,19.33 1 0
github.com/Dokhoyan/avito-pr-test/internal/http-server/handlers/pr/merge.go:19.33,35.3 5 0
github.com/Dokhoyan/avito-pr-test/internal/http-server/handlers/pr/merge.go:37.2,39.61 2 0
github.com/Dokhoyan/avito-pr-test/internal/http-server/handlers/pr/merge.go:39.61,56.3 5 0
github.com/Dokhoyan/avito-pr-test/internal/http-server/handlers/pr/merge.go:58.2,62.16 3 0
github.com/Dokhoyan/avito-pr-test/internal/http-server/handlers/pr/merge.go:62.16,63.44 1 0
github.com/Dokhoyan/avito-pr-test/internal/http-server/handlers/pr/merge.go:63.44,78.4 5 0
github.com/Dokhoyan/avito-pr-test/internal/http-server/handlers/pr/merge.go:79.3,93.9 5 0
github.com/Dokhoyan/avito-pr-test/internal/http-server/handlers/pr/merge.go:96.2,100.4 3 0
github.com/Dokhoyan/avito-pr-test/internal/http-server/handlers/pr/reassign.go:19.75,20.33 1 0
github.com/Dokhoyan/avito-pr-test/internal/http-server/handlers/pr/reassign.go:20.33,36.3 5 0
github.com/Dokhoyan/avito-pr-test/internal/http-server/handlers/pr/reassign.go:38.2,40.61 2 0
github.com/Dokhoyan/avito-pr-test/internal/http-server/handlers/pr/reassign.go:40.61,57.3 5 0
github.com/Dokhoyan/avito-pr-test/internal/http-server/handlers/pr/reassign.go:59.2,64.16 3 0
github.com/Dokhoyan/avito-pr-test/internal/http-server/handlers/pr/reassign.go:64.16,65.10 1 0
github.com/Dokhoyan/avito-pr-test/internal/http-server/handlers/pr/reassign.go:66.46,80.6 4 0
github.com/Dokhoyan/avito-pr-test/internal/http-server/handlers/pr/reassign.go:81.48,94.6 4 0
github.com/Dokhoyan/avito-pr-test/internal/http-server/handlers/pr/reassign.go:95.44,109.6 4 0
github.com/Dokhoyan/avito-pr-test/internal/http-server/handlers/pr/reassign.go:110.47,124.6 4 0
github.com/Dokhoyan/avito-pr-test/internal/http-server/handlers/pr/reassign.go:125.47,140.6 4 0
github.com/Dokhoyan/avito-pr-test/internal/http-server/handlers/pr/reassign.go:141.47,155.6 4 0
github.com/Dokhoyan/avito-pr-test/internal/http-server/handlers/pr/reassign.go:156.11,169.6 4 0
github.com/Dokhoyan/avito-pr-test/internal/http-server/handlers/pr/reassign.go:172.3,172.9 1 0
github.com/Dokhoyan/avito-pr-test/internal/http-server/handlers/pr/reassign.go:175.2,180.4 3 0
github.com/Dokhoyan/avito-pr-test/internal/http-server/handlers/pr/service.go:13.61,17.2 1 0
github.com/Dokhoyan/avito-pr-test/internal/http-server/handlers/pr/service.go:19.61,23.2 3 0
github.com/Dokhoyan/avito-pr-test/internal/app/app.go:31.13,33.2 1 0
github.com/Dokhoyan/avito-pr-test/internal/app/app.go:40.48,44.16 3 0
github.com/Dokhoyan/avito-pr-test/internal/app/app.go:44.16,46.3 1 0
github.com/Dokhoyan/avito-pr-test/internal/app/app.go:48.2,48.15 1 0
github.com/Dokhoyan/avito-pr-test/internal/app/app.go:51.27,52.15 1 0
github.com/Dokhoyan/avito-pr-test/internal/app/app.go:52.15,55.3 2 0
github.com/Dokhoyan/avito-pr-test/internal/app/app.go:57.2,60.12 3 0
github.com/Dokhoyan/avito-pr-test/internal/app/app.go:60.12,64.17 3 0
github.com/Dokhoyan/avito-pr-test/internal/app/app.go:64.17,66.4 1 0
github.com/Dokhoyan/avito-pr-test/internal/app/app.go:69.2,71.12 2 0
github.com/Dokhoyan/avito-pr-test/internal/app/app.go:74.51,84.26 3 0
github.com/Dokhoyan/avito-pr-test/internal/app/app.go:84.26,86.17 2 0
github.com/Dokhoyan/avito-pr-test/internal/app/app.go:86.17,88.4 1 0
github.com/Dokhoyan/avito-pr-test/internal/app/app.go:91.2,91.12 1 0
github.com/Dokhoyan/avito-pr-test/internal/app/app.go:94.51,96.16 2 0
github.com/Dokhoyan/avito-pr-test/internal/app/app.go:96.16,98.3 1 0
github.com/Dokhoyan/avito-pr-test/internal/app/app.go:100.2,100.12 1 0
github.com/Dokhoyan/avito-pr-test/internal/app/app.go:103.60,106.2 2 0
github.com/Dokhoyan/avito-pr-test/internal/app/app.go:108.57,131.2 10 0
github.com/Dokhoyan/avito-pr-test/internal/app/app.go:133.51,137.2 2 0
github.com/Dokhoyan/avito-pr-test/internal/app/app.go:139.37,145.16 4 0
github.com/Dokhoyan/avito-pr-test/internal/app/app.go:145.16,147.3 1 0
github.com/Dokhoyan/avito-pr-test/internal/app/app.go:149.2,149.12 1 0
github.com/Dokhoyan/avito-pr-test/internal/app/app.go:152.59,176.2 10 0
github.com/Dokhoyan/avito-pr-test/internal/app/app.go:178.42,182.45 2 0
github.com/Dokhoyan/avito-pr-test/internal/app/app.go:182.45,184.3 1 0
github.com/Dokhoyan/avito-pr-test/internal/app/app.go:186.2,186.36 1 0
github.com/Dokhoyan/avito-pr-test/internal/app/service_provider.go:46.44,48.2 1 0
github.com/Dokhoyan/avito-pr-test/internal/app/service_provider.go:50.54,51.23 1 0
github.com/Dokhoyan/avito-pr-test/internal/app/service_provider.go:51.23,53.17 2 0
github.com/Dokhoyan/avito-pr-test/internal/app/service_provider.go:53.17,55.4 1 0
github.com/Dokhoyan/avito-pr-test/internal/app/service_provider.go:57.3,57.19 1 0
github.com/Dokhoyan/avito-pr-test/internal/app/service_provider.go:59.2,59.19 1 0
github.com/Dokhoyan/avito-pr-test/internal/app/service_provider.go:62.58,63.25 1 0
github.com/Dokhoyan/avito-pr-test/internal/app/service_provider.go:63.25,65.17 2 0
github.com/Dokhoyan/avito-pr-test/internal/app/service_provider.go:65.17,67.4 1 0
github.com/Dokhoyan/avito-pr-test/internal/app/service_provider.go:69.3,69.21 1 0
github.com/Dokhoyan/avito-pr-test/internal/app/service_provider.go:71.2,71.21 1 0
github.com/Dokhoyan/avito-pr-test/internal/app/service_provider.go:74.69,75.21 1 0
github.com/Dokhoyan/avito-pr-test/internal/app/service_provider.go:75.21,77.17 2 0
github.com/Dokhoyan/avito-pr-test/internal/app/service_provider.go:77.17,79.4 1 0
github.com/Dokhoyan/avito-pr-test/internal/app/service_provider.go:81.3,82.17 2 0
github.com/Dokhoyan/avito-pr-test/internal/app/service_provider.go:82.17,84.4 1 0
github.com/Dokhoyan/avito-pr-test/internal/app/service_provider.go:86.3,87.19 2 0
github.com/Dokhoyan/avito-pr-test/internal/app/service_provider.go:87.19,89.4 1 0
github.com/Dokhoyan/avito-pr-test/internal/app/service_provider.go:91.3,95.17 4 0
github.com/Dokhoyan/avito-pr-test/internal/app/service_provider.go:95.17,97.4 1 0
github.com/Dokhoyan/avito-pr-test/internal/app/service_provider.go:99.3,99.27 1 0
github.com/Dokhoyan/avito-pr-test/internal/app/service_provider.go:99.27,102.4 2 0
github.com/Dokhoyan/avito-pr-test/internal/app/service_provider.go:104.3,104.18 1 0
github.com/Dokhoyan/avito-pr-test/internal/app/service_provider.go:106.2,106.17 1 0
github.com/Dokhoyan/avito-pr-test/internal/app/service_provider.go:109.75,110.24 1 0
github.com/Dokhoyan/avito-pr-test/internal/app/service_provider.go:110.24,114.3 1 0
github.com/Dokhoyan/avito-pr-test/internal/app/service_provider.go:115.2,115.20 1 0
github.com/Dokhoyan/avito-pr-test/internal/app/service_provider.go:118.73,119.21 1 0
github.com/Dokhoyan/avito-pr-test/internal/app/service_provider.go:119.21,121.3 1 0
github.com/Dokhoyan/avito-pr-test/internal/app/service_provider.go:122.2,122.17 1 0
github.com/Dokhoyan/avito-pr-test/internal/app/service_provider.go:125.84,126.19 1 0
github.com/Dokhoyan/avito-pr-test/internal/app/service_provider.go:126.19,128.3 1 0
github.com/Dokhoyan/avito-pr-test/internal/app/service_provider.go:129.2,129.15 1 0
github.com/Dokhoyan/avito-pr-test/internal/app/service_provider.go:132.80,133.26 1 0
github.com/Dokhoyan/avito-pr-test/internal/app/service_provider.go:133.26,140.3 2 0
github.com/Dokhoyan/avito-pr-test/internal/app/service_provider.go:141.2,141.22 1 0
github.com/Dokhoyan/avito-pr-test/internal/app/service_provider.go:144.80,145.26 1 0
github.com/Dokhoyan/avito-pr-test/internal/app/service_provider.go:145.26,151.3 2 0
github.com/Dokhoyan/avito-pr-test/internal/app/service_provider.go:152.2,152.22 1 0
github.com/Dokhoyan/avito-pr-test/internal/app/service_provider.go:155.76,156.24 1 0
github.com/Dokhoyan/avito-pr-test/internal/app/service_provider.go:156.24,164.3 2 0
github.com/Dokhoyan/avito-pr-test/internal/app/service_provider.go:165.2,165.20 1 0
github.com/Dokhoyan/avito-pr-test/internal/app/service_provider.go:168.82,169.27 1 0
github.com/Dokhoyan/avito-pr-test/internal/app/service_provider.go:169.27,175.3 2 0
github.com/Dokhoyan/avito-pr-test/internal/app/service_provider.go:176.2,176.23 1 0
github.com/Dokhoyan/avito-pr-test/internal/app/service_provider.go:179.82,180.23 1 0
github.com/Dokhoyan/avito-pr-test/internal/app/service_provider.go:180.23,182.3 1 0
github.com/Dokhoyan/avito-pr-test/internal/app/service_provider.go:184.2,184.19 1 0
github.com/Dokhoyan/avito-pr-test/internal/app/service_provider.go:187.82,188.23 1 0
github.com/Dokhoyan/avito-pr-test/internal/app/service_provider.go:188.23,190.3 1 0
github.com/Dokhoyan/avito-pr-test/internal/app/service_provider.go:192.2,192.19 1 0
github.com/Dokhoyan/avito-pr-test/internal/app/service_provider.go:195.78,196.21 1 0
github.com/Dokhoyan/avito-pr-test/internal/app/service_provider.go:196.21,198.3 1 0
github.com/Dokhoyan/avito-pr-test/internal/app/service_provider.go:200.2,200.17 1 0
github.com/Dokhoyan/avito-pr-test/internal/app/service_provider.go:203.84,204.24 1 0
github.com/Dokhoyan/avito-pr-test/internal/app/service_provider.go:204.24,206.3 1 0
github.com/Dokhoyan/avito-pr-test/internal/app/service_provider.go:208.2,208.20 1 0
github.com/Dokhoyan/avito-pr-test/cmd/http-server/main.go:10.13,14.16 3 0
github.com/Dokhoyan/avito-pr-test/cmd/http-server/main.go:14.16,16.3 1 0
github.com/Dokhoyan/avito-pr-test/cmd/http-server/main.go:18.2,19.16 2 0
github.com/Dokhoyan/avito-pr-test/cmd/http-server/main.go:19.16,21.3 1 0
github.com/Dokhoyan/avito-pr-test/internal/http-server/handlers/user/getUserReviews.go:18.76,19.32 1 0
github.com/Dokhoyan/avito-pr-test/internal/http-server/handlers/user/getUserReviews.go:19.32,35.3 5 0
github.com/Dokhoyan/avito-pr-test/internal/http-server/handlers/user/getUserReviews.go:37.2,40.22 3 0
github.com/Dokhoyan/avito-pr-test/internal/http-server/handlers/user/getUserReviews.go:40.22,55.3 5 0
github.com/Dokhoyan/avito-pr-test/internal/http-server/handlers/user/getUserReviews.go:57.2,61.16 3 0
github.com/Dokhoyan/avito-pr-test/internal/http-server/handlers/user/getUserReviews.go:61.16,62.46 1 0
github.com/Dokhoyan/avito-pr-test/internal/http-server/handlers/user/getUserReviews.go:62.46,77.4 5 0
github.com/Dokhoyan/avito-pr-test/internal/http-server/handlers/user/getUserReviews.go:78.3,91.9 5 0
github.com/Dokhoyan/avito-pr-test/internal/http-server/handlers/user/getUserReviews.go:94.2,99.4 3 0
github.com/Dokhoyan/avito-pr-test/internal/http-server/handlers/user/service.go:13.63,17.2 1 0
github.com/Dokhoyan/avito-pr-test/internal/http-server/handlers/user/service.go:19.61,22.2 2 0
github.com/Dokhoyan/avito-pr-test/internal/http-server/handlers/user/setUserStatus.go:19.80,20.33 1 0
github.com/Dokhoyan/avito-pr-test/internal/http-server/handlers/user/setUserStatus.go:20.33,36.3 5 0
github.com/Dokhoyan/avito-pr-test/internal/http-server/handlers/user/setUserStatus.go:38.2,40.61 2 0
github.com/Dokhoyan/avito-pr-test/internal/http-server/handlers/user/setUserStatus.go:40.61,57.3 5 0
github.com/Dokhoyan/avito-pr-test/internal/http-server/handlers/user/setUserStatus.go:59.2,64.16 3 0
github.com/Dokhoyan/avito-pr-test/internal/http-server/handlers/user/setUserStatus.go:64.16,65.46 1 0
github.com/Dokhoyan/avito-pr-test/internal/http-server/handlers/user/setUserStatus.go:65.46,81.4 5 0
github.com/Dokhoyan/avito-pr-test/internal/http-server/handlers/user/setUserStatus.go:82.3,95.9 5 0
github.com/Dokhoyan/avito-pr-test/internal/http-server/handlers/user/setUserStatus.go:98.2,102.4 3 0
github.com/Dokhoyan/avito-pr-test/internal/http-server/handlers/testutil/logger.go:12.23,19.2 2 0
github.com/Dokhoyan/avito-pr-test/internal/http-server/handlers/stats/get.go:12.75,13.32 1 0
github.com/Dokhoyan/avito-pr-test/internal/http-server/handlers/stats/get.go:13.32,29.3 5 0
github.com/Dokhoyan/avito-pr-test/internal/http-server/handlers/stats/get.go:31.2,32.16 2 0
github.com/Dokhoyan/avito-pr-test/internal/http-server/handlers/stats/get.go:32.16,46.3 5 0
github.com/Dokhoyan/avito-pr-test/internal/http-server/handlers/stats/get.go:48.2,50.34 3 0
github.com/Dokhoyan/avito-pr-test/internal/http-server/handlers/stats/service.go:13.64,15.2 1 0
github.com/Dokhoyan/avito-pr-test/internal/http-server/handlers/stats/service.go:17.61,19.2 1 0
github.com/Dokhoyan/avito-pr-test/internal/http-server/handlers/team/create.go:19.77,20.33 1 0
github.com/Dokhoyan/avito-pr-test/internal/http-server/handlers/team/create.go:20.33,36.3 5 0
github.com/Dokhoyan/avito-pr-test/internal/http-server/handlers/team/create.go:38.2,40.61 2 0
github.com/Dokhoyan/avito-pr-test/internal/http-server/handlers/team/create.go:40.61,57.3 5 0
github.com/Dokhoyan/avito-pr-test/internal/http-server/handlers/team/create.go:59.2,64.16 3 0
github.com/Dokhoyan/avito-pr-test/internal/http-server/handlers/team/create.go:64.16,65.44 1 0
github.com/Dokhoyan/avito-pr-test/internal/http-server/handlers/team/create.go:65.44,81.4 5 0
github.com/Dokhoyan/avito-pr-test/internal/http-server/handlers/team/create.go:82.3,95.9 5 0
github.com/Dokhoyan/avito-pr-test/internal/http-server/handlers/team/create.go:98.2,102.4 3 0
github.com/Dokhoyan/avito-pr-test/internal/http-server/handlers/team/get.go:18.74,19.32 1 0
github.com/Dokhoyan/avito-pr-test/internal/http-server/handlers/team/get.go:19.32,35.3 5 0
github.com/Dokhoyan/avito-pr-test/internal/http-server/handlers/team/get.go:37.2,40.24 3 0
github.com/Dokhoyan/avito-pr-test/internal/http-server/handlers/team/get.go:40.24,55.3 5 0
github.com/Dokhoyan/avito-pr-test/internal/http-server/handlers/team/get.go:57.2,61.16 3 0
github.com/Dokhoyan/avito-pr-test/internal/http-server/handlers/team/get.go:61.16,62.46 1 0
github.com/Dokhoyan/avito-pr-test/internal/http-server/handlers/team/get.go:62.46,77.4 5 0
github.com/Dokhoyan/avito-pr-test/internal/http-server/handlers/team/get.go:78.3,91.9 5 0
github.com/Dokhoyan/avito-pr-test/internal/http-server/handlers/team/get.go:94.2,96.33 3 0
github.com/Dokhoyan/avito-pr-test/internal/http-server/handlers/team/srevice.go:13.63,17.2 1 0
github.com/Dokhoyan/avito-pr-test/internal/http-server/handlers/team/srevice.go:19.61,22.2 2 0
github.com/Dokhoyan/avito-pr-test/internal/http-server/middleware/log.go:26.49,27.17 1 0
github.com/Dokhoyan/avito-pr-test/internal/http-server/middleware/log.go:27.17,31.3 3 0
github.com/Dokhoyan/avito-pr-test/internal/http-server/middleware/log.go:34.56,35.17 1 0
github.com/Dokhoyan/avito-pr-test/internal/http-server/middleware/log.go:35.17,38.3 2 0
github.com/Dokhoyan/avito-pr-test/internal/http-server/middleware/log.go:39.2,39.35 1 0
github.com/Dokhoyan/avito-pr-test/internal/http-server/middleware/log.go:42.33,44.40 2 0
github.com/Dokhoyan/avito-pr-test/internal/http-server/middleware/log.go:44.40,46.3 1 0
github.com/Dokhoyan/avito-pr-test/internal/http-server/middleware/log.go:47.2,47.30 1 0
github.com/Dokhoyan/avito-pr-test/internal/http-server/middleware/log.go:50.52,51.71 1 0
github.com/Dokhoyan/avito-pr-test/internal/http-server/middleware/log.go:51.71,55.22 3 0
github.com/Dokhoyan/avito-pr-test/internal/http-server/middleware/log.go:55.22,57.4 1 0
github.com/Dokhoyan/avito-pr-test/internal/http-server/middleware/log.go:59.3,65.27 5 0
github.com/Dokhoyan/avito-pr-test/internal/http-server/middleware/log.go:65.27,67.4 1 0
github.com/Dokhoyan/avito-pr-test/internal/http-server/middleware/log.go:69.3,99.10 8 0
github.com/Dokhoyan/avito-pr-test/internal/http-server/middleware/log.go:100.22,101.48 1 0
github.com/Dokhoyan/avito-pr-test/internal/http-server/middleware/log.go:102.22,103.47 1 0
github.com/Dokhoyan/avito-pr-test/internal/http-server/middleware/log.go:104.11,105.47 1 0
github.com/Dokhoyan/avito-pr-test/internal/http-server/middleware/log.go:110.47,111.16 1 0
github.com/Dokhoyan/avito-pr-test/internal/http-server/middleware/log.go:111.16,113.3 1 0
github.com/Dokhoyan/avito-pr-test/internal/http-server/middleware/log.go:115.2,115.66 1 0
github.com/Dokhoyan/avito-pr-test/internal/http-server/middleware/log.go:115.66,117.3 1 0
github.com/Dokhoyan/avito-pr-test/internal/http-server/middleware/log.go:119.2,119.11 1 0
github.com/Dokhoyan/avito-pr-test/internal/logger/logger.go:13.53,15.2 1 0
github.com/Dokhoyan/avito-pr-test/internal/logger/logger.go:18.45,20.2 1 0
github.com/Dokhoyan/avito-pr-test/internal/logger/logger.go:23.44,25.2 1 0
github.com/Dokhoyan/avito-pr-test/internal/logger/logger.go:28.44,30.2 1 0
github.com/Dokhoyan/avito-pr-test/internal/logger/logger.go:33.45,35.2 1 0
github.com/Dokhoyan/avito-pr-test/internal/logger/logger.go:38.45,40.2 1 0
github.com/Dokhoyan/avito-pr-test/internal/logger/logger.go:43.49,45.2 1 0
github.com/Dokhoyan/avito-pr-test/internal/logger/logger.go:48.48,50.2 1 0
github.com/Dokhoyan/avito-pr-test/internal/logger/logger.go:53.48,55.2 1 0
github.com/Dokhoyan/avito-pr-test/internal/logger/logger.go:58.49,60.2 1 0
github.com/Dokhoyan/avito-pr-test/internal/logger/logger.go:63.49,65.2 1 0
github.com/Dokhoyan/avito-pr-test/internal/repository/postgres/postgres.go:22.66,27.2 1 0
github.com/Dokhoyan/avito-pr-test/internal/repository/postgres/postgres.go:29.30,31.2 1 0
github.com/Dokhoyan/avito-pr-test/internal/repository/postgres/postgres.go:33.61,35.2 1 0
github.com/Dokhoyan/avito-pr-test/internal/repository/postgres/pr.go:14.81,21.16 3 0
github.com/Dokhoyan/avito-pr-test/internal/repository/postgres/pr.go:21.16,23.3 1 0
github.com/Dokhoyan/avito-pr-test/internal/repository/postgres/pr.go:25.2,28.16 3 0
github.com/Dokhoyan/avito-pr-test/internal/repository/postgres/pr.go:28.16,30.3 1 0
github.com/Dokhoyan/avito-pr-test/internal/repository/postgres/pr.go:32.2,32.12 1 0
github.com/Dokhoyan/avito-pr-test/internal/repository/postgres/pr.go:35.79,42.16 3 0
github.com/Dokhoyan/avito-pr-test/internal/repository/postgres/pr.go:42.16,44.3 1 0
github.com/Dokhoyan/avito-pr-test/internal/repository/postgres/pr.go:46.2,51.16 4 0
github.com/Dokhoyan/avito-pr-test/internal/repository/postgres/pr.go:51.16,53.3 1 0
github.com/Dokhoyan/avito-pr-test/internal/repository/postgres/pr.go:55.2,55.23 1 0
github.com/Dokhoyan/avito-pr-test/internal/repository/postgres/pr.go:58.94,65.16 3 0
github.com/Dokhoyan/avito-pr-test/internal/repository/postgres/pr.go:65.16,67.3 1 0
github.com/Dokhoyan/avito-pr-test/internal/repository/postgres/pr.go:69.2,82.16 5 0
github.com/Dokhoyan/avito-pr-test/internal/repository/postgres/pr.go:82.16,83.36 1 0
github.com/Dokhoyan/avito-pr-test/internal/repository/postgres/pr.go:83.36,85.4 1 0
github.com/Dokhoyan/avito-pr-test/internal/repository/postgres/pr.go:87.3,87.54 1 0
github.com/Dokhoyan/avito-pr-test/internal/repository/postgres/pr.go:90.2,93.16 3 0
github.com/Dokhoyan/avito-pr-test/internal/repository/postgres/pr.go:93.16,95.3 1 0
github.com/Dokhoyan/avito-pr-test/internal/repository/postgres/pr.go:97.2,99.17 2 0
github.com/Dokhoyan/avito-pr-test/internal/repository/postgres/pr.go:102.85,109.16 3 0
github.com/Dokhoyan/avito-pr-test/internal/repository/postgres/pr.go:109.16,111.3 1 0
github.com/Dokhoyan/avito-pr-test/internal/repository/postgres/pr.go:113.2,116.16 3 0
github.com/Dokhoyan/avito-pr-test/internal/repository/postgres/pr.go:116.16,118.3 1 0
github.com/Dokhoyan/avito-pr-test/internal/repository/postgres/pr.go:120.2,120.12 1 0
github.com/Dokhoyan/avito-pr-test/internal/repository/postgres/pr.go:123.89,131.16 3 0
github.com/Dokhoyan/avito-pr-test/internal/repository/postgres/pr.go:131.16,133.3 1 0
github.com/Dokhoyan/avito-pr-test/internal/repository/postgres/pr.go:135.2,138.16 3 0
github.com/Dokhoyan/avito-pr-test/internal/repository/postgres/pr.go:138.16,140.3 1 0
github.com/Dokhoyan/avito-pr-test/internal/repository/postgres/pr.go:141.2,144.18 3 0
github.com/Dokhoyan/avito-pr-test/internal/repository/postgres/pr.go:144.18,146.44 2 0
github.com/Dokhoyan/avito-pr-test/internal/repository/postgres/pr.go:146.44,148.4 1 0
github.com/Dokhoyan/avito-pr-test/internal/repository/postgres/pr.go:150.3,150.40 1 0
github.com/Dokhoyan/avito-pr-test/internal/repository/postgres/pr.go:153.2,153.35 1 0
github.com/Dokhoyan/avito-pr-test/internal/repository/postgres/pr.go:153.35,155.3 1 0
github.com/Dokhoyan/avito-pr-test/internal/repository/postgres/pr.go:157.2,157.23 1 0
github.com/Dokhoyan/avito-pr-test/internal/repository/postgres/pr.go:160.115,168.16 3 0
github.com/Dokhoyan/avito-pr-test/internal/repository/postgres/pr.go:168.16,170.3 1 0
github.com/Dokhoyan/avito-pr-test/internal/repository/postgres/pr.go:172.2,175.16 3 0
github.com/Dokhoyan/avito-pr-test/internal/repository/postgres/pr.go:175.16,177.3 1 0
github.com/Dokhoyan/avito-pr-test/internal/repository/postgres/pr.go:179.2,179.62 1 0
github.com/Dokhoyan/avito-pr-test/internal/repository/postgres/pr.go:179.62,181.3 1 0
github.com/Dokhoyan/avito-pr-test/internal/repository/postgres/pr.go:183.2,183.12 1 0
github.com/Dokhoyan/avito-pr-test/internal/repository/postgres/pr.go:186.85,192.16 3 0
github.com/Dokhoyan/avito-pr-test/internal/repository/postgres/pr.go:192.16,194.3 1 0
github.com/Dokhoyan/avito-pr-test/internal/repository/postgres/pr.go:196.2,199.16 3 0
github.com/Dokhoyan/avito-pr-test/internal/repository/postgres/pr.go:199.16,201.3 1 0
github.com/Dokhoyan/avito-pr-test/internal/repository/postgres/pr.go:203.2,203.62 1 0
github.com/Dokhoyan/avito-pr-test/internal/repository/postgres/pr.go:203.62,205.3 1 0
github.com/Dokhoyan/avito-pr-test/internal/repository/postgres/pr.go:207.2,207.12 1 0
github.com/Dokhoyan/avito-pr-test/internal/repository/postgres/stats.go:11.70,17.16 3 0
github.com/Dokhoyan/avito-pr-test/internal/repository/postgres/stats.go:17.16,19.3 1 0
github.com/Dokhoyan/avito-pr-test/internal/repository/postgres/stats.go:21.2,26.16 4 0
github.com/Dokhoyan/avito-pr-test/internal/repository/postgres/stats.go:26.16,28.3 1 0
github.com/Dokhoyan/avito-pr-test/internal/repository/postgres/stats.go:30.2,30.19 1 0
github.com/Dokhoyan/avito-pr-test/internal/repository/postgres/stats.go:33.84,42.16 3 0
github.com/Dokhoyan/avito-pr-test/internal/repository/postgres/stats.go:42.16,44.3 1 0
github.com/Dokhoyan/avito-pr-test/internal/repository/postgres/stats.go:46.2,51.16 4 0
github.com/Dokhoyan/avito-pr-test/internal/repository/postgres/stats.go:51.16,53.3 1 0
github.com/Dokhoyan/avito-pr-test/internal/repository/postgres/stats.go:55.2,58.8 1 0
github.com/Dokhoyan/avito-pr-test/internal/repository/postgres/stats.go:61.78,71.16 3 0
github.com/Dokhoyan/avito-pr-test/internal/repository/postgres/stats.go:71.16,73.3 1 0
github.com/Dokhoyan/avito-pr-test/internal/repository/postgres/stats.go:75.2,80.16 4 0
github.com/Dokhoyan/avito-pr-test/internal/repository/postgres/stats.go:80.16,82.3 1 0
github.com/Dokhoyan/avito-pr-test/internal/repository/postgres/stats.go:84.2,88.8 1 0
github.com/Dokhoyan/avito-pr-test/internal/repository/postgres/stats.go:91.76,97.16 3 0
github.com/Dokhoyan/avito-pr-test/internal/repository/postgres/stats.go:97.16,99.3 1 0
github.com/Dokhoyan/avito-pr-test/internal/repository/postgres/stats.go:101.2,106.16 4 0
github.com/Dokhoyan/avito-pr-test/internal/repository/postgres/stats.go:106.16,108.3 1 0
github.com/Dokhoyan/avito-pr-test/internal/repository/postgres/stats.go:110.2,110.19 1 0
github.com/Dokhoyan/avito-pr-test/internal/repository/postgres/team.go:11.77,18.16 3 0
github.com/Dokhoyan/avito-pr-test/internal/repository/postgres/team.go:18.16,20.3 1 0
github.com/Dokhoyan/avito-pr-test/internal/repository/postgres/team.go:22.2,25.16 3 0
github.com/Dokhoyan/avito-pr-test/internal/repository/postgres/team.go:25.16,27.3 1 0
github.com/Dokhoyan/avito-pr-test/internal/repository/postgres/team.go:29.2,29.12 1 0
github.com/Dokhoyan/avito-pr-test/internal/repository/postgres/team.go:32.81,39.16 3 0
github.com/Dokhoyan/avito-pr-test/internal/repository/postgres/team.go:39.16,41.3 1 0
github.com/Dokhoyan/avito-pr-test/internal/repository/postgres/team.go:43.2,48.16 4 0
github.com/Dokhoyan/avito-pr-test/internal/repository/postgres/team.go:48.16,50.3 1 0
github.com/Dokhoyan/avito-pr-test/internal/repository/postgres/team.go:52.2,52.23 1 0
github.com/Dokhoyan/avito-pr-test/internal/repository/postgres/team.go:55.96,57.16 2 0
github.com/Dokhoyan/avito-pr-test/internal/repository/postgres/team.go:57.16,59.3 1 0
github.com/Dokhoyan/avito-pr-test/internal/repository/postgres/team.go:61.2,61.13 1 0
github.com/Dokhoyan/avito-pr-test/internal/repository/postgres/team.go:61.13,63.3 1 0
github.com/Dokhoyan/avito-pr-test/internal/repository/postgres/team.go:65.2,74.16 4 0
github.com/Dokhoyan/avito-pr-test/internal/repository/postgres/team.go:74.16,76.3 1 0
github.com/Dokhoyan/avito-pr-test/internal/repository/postgres/team.go:78.2,79.16 2 0
github.com/Dokhoyan/avito-pr-test/internal/repository/postgres/team.go:79.16,81.3 1 0
github.com/Dokhoyan/avito-pr-test/internal/repository/postgres/team.go:82.2,85.18 3 0
github.com/Dokhoyan/avito-pr-test/internal/repository/postgres/team.go:85.18,87.87 2 0
github.com/Dokhoyan/avito-pr-test/internal/repository/postgres/team.go:87.87,89.4 1 0
github.com/Dokhoyan/avito-pr-test/internal/repository/postgres/team.go:91.3,91.36 1 0
github.com/Dokhoyan/avito-pr-test/internal/repository/postgres/team.go:94.2,94.35 1 0
github.com/Dokhoyan/avito-pr-test/internal/repository/postgres/team.go:94.35,96.3 1 0
github.com/Dokhoyan/avito-pr-test/internal/repository/postgres/team.go:98.2,101.8 1 0
github.com/Dokhoyan/avito-pr-test/internal/repository/postgres/user.go:13.106,21.16 3 0
github.com/Dokhoyan/avito-pr-test/internal/repository/postgres/user.go:21.16,23.3 1 0
github.com/Dokhoyan/avito-pr-test/internal/repository/postgres/user.go:25.2,28.16 3 0
github.com/Dokhoyan/avito-pr-test/internal/repository/postgres/user.go:28.16,30.3 1 0
github.com/Dokhoyan/avito-pr-test/internal/repository/postgres/user.go:32.2,32.12 1 0
github.com/Dokhoyan/avito-pr-test/internal/repository/postgres/user.go:35.100,43.16 3 0
github.com/Dokhoyan/avito-pr-test/internal/repository/postgres/user.go:43.16,45.3 1 0
github.com/Dokhoyan/avito-pr-test/internal/repository/postgres/user.go:47.2,50.16 3 0
github.com/Dokhoyan/avito-pr-test/internal/repository/postgres/user.go:50.16,52.3 1 0
github.com/Dokhoyan/avito-pr-test/internal/repository/postgres/user.go:54.2,54.32 1 0
github.com/Dokhoyan/avito-pr-test/internal/repository/postgres/user.go:54.32,56.3 1 0
github.com/Dokhoyan/avito-pr-test/internal/repository/postgres/user.go:58.2,58.12 1 0
github.com/Dokhoyan/avito-pr-test/internal/repository/postgres/user.go:61.91,68.16 3 0
github.com/Dokhoyan/avito-pr-test/internal/repository/postgres/user.go:68.16,70.3 1 0
github.com/Dokhoyan/avito-pr-test/internal/repository/postgres/user.go:72.2,77.16 4 0
github.com/Dokhoyan/avito-pr-test/internal/repository/postgres/user.go:77.16,78.36 1 0
github.com/Dokhoyan/avito-pr-test/internal/repository/postgres/user.go:78.36,80.4 1 0
github.com/Dokhoyan/avito-pr-test/internal/repository/postgres/user.go:82.3,82.62 1 0
github.com/Dokhoyan/avito-pr-test/internal/repository/postgres/user.go:85.2,85.19 1 0
github.com/Dokhoyan/avito-pr-test/internal/repository/postgres/user.go:88.134,94.20 2 0
github.com/Dokhoyan/avito-pr-test/internal/repository/postgres/user.go:94.20,96.3 1 0
github.com/Dokhoyan/avito-pr-test/internal/repository/postgres/user.go:98.2,98.25 1 0
github.com/Dokhoyan/avito-pr-test/internal/repository/postgres/user.go:98.25,100.33 2 0
github.com/Dokhoyan/avito-pr-test/internal/repository/postgres/user.go:100.33,102.4 1 0
github.com/Dokhoyan/avito-pr-test/internal/repository/postgres/user.go:103.3,103.104 1 0
github.com/Dokhoyan/avito-pr-test/internal/repository/postgres/user.go:106.2,109.16 3 0
github.com/Dokhoyan/avito-pr-test/internal/repository/postgres/user.go:109.16,111.3 1 0
github.com/Dokhoyan/avito-pr-test/internal/repository/postgres/user.go:113.2,116.16 3 0
github.com/Dokhoyan/avito-pr-test/internal/repository/postgres/user.go:116.16,118.3 1 0
github.com/Dokhoyan/avito-pr-test/internal/repository/postgres/user.go:119.2,122.18 3 0
github.com/Dokhoyan/avito-pr-test/internal/repository/postgres/user.go:122.18,125.97 2 0
github.com/Dokhoyan/avito-pr-test/internal/repository/postgres/user.go:125.97,127.4 1 0
github.com/Dokhoyan/avito-pr-test/internal/repository/postgres/user.go:129.3,129.31 1 0
github.com/Dokhoyan/avito-pr-test/internal/repository/postgres/user.go:132.2,132.34 1 0
github.com/Dokhoyan/avito-pr-test/internal/repository/postgres/user.go:132.34,134.3 1 0
github.com/Dokhoyan/avito-pr-test/internal/repository/postgres/user.go:136.2,136.19 1 0
github.com/Dokhoyan/avito-pr-test/internal/repository/postgres/user.go:139.108,153.16 3 0
github.com/Dokhoyan/avito-pr-test/internal/repository/postgres/user.go:153.16,155.3 1 0
github.com/Dokhoyan/avito-pr-test/internal/repository/postgres/user.go:157.2,160.16 3 0
github.com/Dokhoyan/avito-pr-test/internal/repository/postgres/user.go:160.16,162.3 1 0
github.com/Dokhoyan/avito-pr-test/internal/repository/postgres/user.go:163.2,167.18 3 0
github.com/Dokhoyan/avito-pr-test/internal/repository/postgres/user.go:167.18,176.17 3 0
github.com/Dokhoyan/avito-pr-test/internal/repository/postgres/user.go:176.17,178.4 1 0
github.com/Dokhoyan/avito-pr-test/internal/repository/postgres/user.go:180.3,180.43 1 0
github.com/Dokhoyan/avito-pr-test/internal/repository/postgres/user.go:183.2,183.35 1 0
github.com/Dokhoyan/avito-pr-test/internal/repository/postgres/user.go:183.35,185.3 1 0
github.com/Dokhoyan/avito-pr-test/internal/repository/postgres/user.go:187.2,187.26 1 0
github.com/Dokhoyan/avito-pr-test/internal/service/mocks/mock_PRService.go:21.59,23.2 1 0
github.com/Dokhoyan/avito-pr-test/internal/service/mocks/mock_PRService.go:26.129,29.19 2 0
github.com/Dokhoyan/avito-pr-test/internal/service/mocks/mock_PRService.go:29.19,30.50 1 0
github.com/Dokhoyan/avito-pr-test/internal/service/mocks/mock_PRService.go:33.2,35.106 3 0
github.com/Dokhoyan/avito-pr-test/internal/service/mocks/mock_PRService.go:35.106,37.3 1 0
github.com/Dokhoyan/avito-pr-test/internal/service/mocks/mock_PRService.go:38.2,38.97 1 0
github.com/Dokhoyan/avito-pr-test/internal/service/mocks/mock_PRService.go:38.97,40.3 1 0
github.com/Dokhoyan/avito-pr-test/internal/service/mocks/mock_PRService.go:40.8,41.24 1 0
github.com/Dokhoyan/avito-pr-test/internal/service/mocks/mock_PRService.go:41.24,43.4 1 0
github.com/Dokhoyan/avito-pr-test/internal/service/mocks/mock_PRService.go:46.2,46.84 1 0
github.com/Dokhoyan/avito-pr-test/internal/service/mocks/mock_PRService.go:46.84,48.3 1 0
github.com/Dokhoyan/avito-pr-test/internal/service/mocks/mock_PRService.go:48.8,50.3 1 0
github.com/Dokhoyan/avito-pr-test/internal/service/mocks/mock_PRService.go:52.2,52.15 1 0
github.com/Dokhoyan/avito-pr-test/internal/service/mocks/mock_PRService.go:65.150,67.2 1 0
github.com/Dokhoyan/avito-pr-test/internal/service/mocks/mock_PRService.go:69.149,70.40 1 0
github.com/Dokhoyan/avito-pr-test/internal/service/mocks/mock_PRService.go:70.40,72.3 1 0
github.com/Dokhoyan/avito-pr-test/internal/service/mocks/mock_PRService.go:73.2,73.11 1 0
github.com/Dokhoyan/avito-pr-test/internal/service/mocks/mock_PRService.go:76.111,79.2 2 0
github.com/Dokhoyan/avito-pr-test/internal/service/mocks/mock_PRService.go:81.161,84.2 2 0
github.com/Dokhoyan/avito-pr-test/internal/service/mocks/mock_PRService.go:87.96,90.19 2 0
github.com/Dokhoyan/avito-pr-test/internal/service/mocks/mock_PRService.go:90.19,91.49 1 0
github.com/Dokhoyan/avito-pr-test/internal/service/mocks/mock_PRService.go:94.2,96.90 3 0
github.com/Dokhoyan/avito-pr-test/internal/service/mocks/mock_PRService.go:96.90,98.3 1 0
github.com/Dokhoyan/avito-pr-test/internal/service/mocks/mock_PRService.go:99.2,99.81 1 0
github.com/Dokhoyan/avito-pr-test/internal/service/mocks/mock_PRService.go:99.81,101.3 1 0
github.com/Dokhoyan/avito-pr-test/internal/service/mocks/mock_PRService.go:101.8,102.24 1 0
github.com/Dokhoyan/avito-pr-test/internal/service/mocks/mock_PRService.go:102.24,104.4 1 0
github.com/Dokhoyan/avito-pr-test/internal/service/mocks/mock_PRService.go:107.2,107.68 1 0
github.com/Dokhoyan/avito-pr-test/internal/service/mocks/mock_PRService.go:107.68,109.3 1 0
github.com/Dokhoyan/avito-pr-test/internal/service/mocks/mock_PRService.go:109.8,111.3 1 0
github.com/Dokhoyan/avito-pr-test/internal/service/mocks/mock_PRService.go:113.2,113.15 1 0
github.com/Dokhoyan/avito-pr-test/internal/service/mocks/mock_PRService.go:124.106,126.2 1 0
github.com/Dokhoyan/avito-pr-test/internal/service/mocks/mock_PRService.go:128.115,129.40 1 0
github.com/Dokhoyan/avito-pr-test/internal/service/mocks/mock_PRService.go:129.40,131.3 1 0
github.com/Dokhoyan/avito-pr-test/internal/service/mocks/mock_PRService.go:132.2,132.11 1 0
github.com/Dokhoyan/avito-pr-test/internal/service/mocks/mock_PRService.go:135.109,138.2 2 0
github.com/Dokhoyan/avito-pr-test/internal/service/mocks/mock_PRService.go:140.143,143.2 2 0
github.com/Dokhoyan/avito-pr-test/internal/service/mocks/mock_PRService.go:146.140,149.19 2 0
github.com/Dokhoyan/avito-pr-test/internal/service/mocks/mock_PRService.go:149.19,150.58 1 0
github.com/Dokhoyan/avito-pr-test/internal/service/mocks/mock_PRService.go:153.2,156.106 4 0
github.com/Dokhoyan/avito-pr-test/internal/service/mocks/mock_PRService.go:156.106,158.3 1 0
github.com/Dokhoyan/avito-pr-test/internal/service/mocks/mock_PRService.go:159.2,159.89 1 0
github.com/Dokhoyan/avito-pr-test/internal/service/mocks/mock_PRService.go:159.89,161.3 1 0
github.com/Dokhoyan/avito-pr-test/internal/service/mocks/mock_PRService.go:161.8,162.24 1 0
github.com/Dokhoyan/avito-pr-test/internal/service/mocks/mock_PRService.go:162.24,164.4 1 0
github.com/Dokhoyan/avito-pr-test/internal/service/mocks/mock_PRService.go:167.2,167.77 1 0
github.com/Dokhoyan/avito-pr-test/internal/service/mocks/mock_PRService.go:167.77,169.3 1 0
github.com/Dokhoyan/avito-pr-test/internal/service/mocks/mock_PRService.go:169.8,171.3 1 0
github.com/Dokhoyan/avito-pr-test/internal/service/mocks/mock_PRService.go:173.2,173.76 1 0
github.com/Dokhoyan/avito-pr-test/internal/service/mocks/mock_PRService.go:173.76,175.3 1 0
github.com/Dokhoyan/avito-pr-test/internal/service/mocks/mock_PRService.go:175.8,177.3 1 0
github.com/Dokhoyan/avito-pr-test/internal/service/mocks/mock_PRService.go:179.2,179.19 1 0
github.com/Dokhoyan/avito-pr-test/internal/service/mocks/mock_PRService.go:191.156,193.2 1 0
github.com/Dokhoyan/avito-pr-test/internal/service/mocks/mock_PRService.go:195.160,196.40 1 0
github.com/Dokhoyan/avito-pr-test/internal/service/mocks/mock_PRService.go:196.40,198.3 1 0
github.com/Dokhoyan/avito-pr-test/internal/service/mocks/mock_PRService.go:199.2,199.11 1 0
github.com/Dokhoyan/avito-pr-test/internal/service/mocks/mock_PRService.go:202.139,205.2 2 0
github.com/Dokhoyan/avito-pr-test/internal/service/mocks/mock_PRService.go:207.177,210.2 2 0
github.com/Dokhoyan/avito-pr-test/internal/service/mocks/mock_PRService.go:217.19,221.19 3 0
github.com/Dokhoyan/avito-pr-test/internal/service/mocks/mock_PRService.go:221.19,221.49 1 0
github.com/Dokhoyan/avito-pr-test/internal/service/mocks/mock_PRService.go:223.2,223.13 1 0
github.com/Dokhoyan/avito-pr-test/internal/service/mocks/mock_StatsService.go:21.65,23.2 1 0
github.com/Dokhoyan/avito-pr-test/internal/service/mocks/mock_StatsService.go:26.81,29.19 2 0
github.com/Dokhoyan/avito-pr-test/internal/service/mocks/mock_StatsService.go:29.19,30.50 1 0
github.com/Dokhoyan/avito-pr-test/internal/service/mocks/mock_StatsService.go:33.2,35.76 3 0
github.com/Dokhoyan/avito-pr-test/internal/service/mocks/mock_StatsService.go:35.76,37.3 1 0
github.com/Dokhoyan/avito-pr-test/internal/service/mocks/mock_StatsService.go:38.2,38.67 1 0
github.com/Dokhoyan/avito-pr-test/internal/service/mocks/mock_StatsService.go:38.67,40.3 1 0
github.com/Dokhoyan/avito-pr-test/internal/service/mocks/mock_StatsService.go:40.8,41.24 1 0
github.com/Dokhoyan/avito-pr-test/internal/service/mocks/mock_StatsService.go:41.24,43.4 1 0
github.com/Dokhoyan/avito-pr-test/internal/service/mocks/mock_StatsService.go:46.2,46.60 1 0
github.com/Dokhoyan/avito-pr-test/internal/service/mocks/mock_StatsService.go:46.60,48.3 1 0
github.com/Dokhoyan/avito-pr-test/internal/service/mocks/mock_StatsService.go:48.8,50.3 1 0
github.com/Dokhoyan/avito-pr-test/internal/service/mocks/mock_StatsService.go:52.2,52.15 1 0
github.com/Dokhoyan/avito-pr-test/internal/service/mocks/mock_StatsService.go:62.96,64.2 1 0
github.com/Dokhoyan/avito-pr-test/internal/service/mocks/mock_StatsService.go:66.110,67.40 1 0
github.com/Dokhoyan/avito-pr-test/internal/service/mocks/mock_StatsService.go:67.40,69.3 1 0
github.com/Dokhoyan/avito-pr-test/internal/service/mocks/mock_StatsService.go:70.2,70.11 1 0
github.com/Dokhoyan/avito-pr-test/internal/service/mocks/mock_StatsService.go:73.111,76.2 2 0
github.com/Dokhoyan/avito-pr-test/internal/service/mocks/mock_StatsService.go:78.137,81.2 2 0
github.com/Dokhoyan/avito-pr-test/internal/service/mocks/mock_StatsService.go:88.22,92.19 3 0
github.com/Dokhoyan/avito-pr-test/internal/service/mocks/mock_StatsService.go:92.19,92.49 1 0
github.com/Dokhoyan/avito-pr-test/internal/service/mocks/mock_StatsService.go:94.2,94.13 1 0
github.com/Dokhoyan/avito-pr-test/internal/service/mocks/mock_TeamService.go:21.63,23.2 1 0
github.com/Dokhoyan/avito-pr-test/internal/service/mocks/mock_TeamService.go:26.137,29.19 2 0
github.com/Dokhoyan/avito-pr-test/internal/service/mocks/mock_TeamService.go:29.19,30.63 1 0
github.com/Dokhoyan/avito-pr-test/internal/service/mocks/mock_TeamService.go:33.2,35.103 3 0
github.com/Dokhoyan/avito-pr-test/internal/service/mocks/mock_TeamService.go:35.103,37.3 1 0
github.com/Dokhoyan/avito-pr-test/internal/service/mocks/mock_TeamService.go:38.2,38.94 1 0
github.com/Dokhoyan/avito-pr-test/internal/service/mocks/mock_TeamService.go:38.94,40.3 1 0
github.com/Dokhoyan/avito-pr-test/internal/service/mocks/mock_TeamService.go:40.8,41.24 1 0
github.com/Dokhoyan/avito-pr-test/internal/service/mocks/mock_TeamService.go:41.24,43.4 1 0
github.com/Dokhoyan/avito-pr-test/internal/service/mocks/mock_TeamService.go:46.2,46.88 1 0
github.com/Dokhoyan/avito-pr-test/internal/service/mocks/mock_TeamService.go:46.88,48.3 1 0
github.com/Dokhoyan/avito-pr-test/internal/service/mocks/mock_TeamService.go:48.8,50.3 1 0
github.com/Dokhoyan/avito-pr-test/internal/service/mocks/mock_TeamService.go:52.2,52.15 1 0
github.com/Dokhoyan/avito-pr-test/internal/service/mocks/mock_TeamService.go:64.163,66.2 1 0
github.com/Dokhoyan/avito-pr-test/internal/service/mocks/mock_TeamService.go:68.179,69.40 1 0
github.com/Dokhoyan/avito-pr-test/internal/service/mocks/mock_TeamService.go:69.40,71.3 1 0
github.com/Dokhoyan/avito-pr-test/internal/service/mocks/mock_TeamService.go:72.2,72.11 1 0
github.com/Dokhoyan/avito-pr-test/internal/service/mocks/mock_TeamService.go:75.134,78.2 2 0
github.com/Dokhoyan/avito-pr-test/internal/service/mocks/mock_TeamService.go:80.188,83.2 2 0
github.com/Dokhoyan/avito-pr-test/internal/service/mocks/mock_TeamService.go:86.95,89.19 2 0
github.com/Dokhoyan/avito-pr-test/internal/service/mocks/mock_TeamService.go:89.19,90.49 1 0
github.com/Dokhoyan/avito-pr-test/internal/service/mocks/mock_TeamService.go:93.2,95.83 3 0
github.com/Dokhoyan/avito-pr-test/internal/service/mocks/mock_TeamService.go:95.83,97.3 1 0
github.com/Dokhoyan/avito-pr-test/internal/service/mocks/mock_TeamService.go:98.2,98.74 1 0
github.com/Dokhoyan/avito-pr-test/internal/service/mocks/mock_TeamService.go:98.74,100.3 1 0
github.com/Dokhoyan/avito-pr-test/internal/service/mocks/mock_TeamService.go:100.8,101.24 1 0
github.com/Dokhoyan/avito-pr-test/internal/service/mocks/mock_TeamService.go:101.24,103.4 1 0
github.com/Dokhoyan/avito-pr-test/internal/service/mocks/mock_TeamService.go:106.2,106.68 1 0
github.com/Dokhoyan/avito-pr-test/internal/service/mocks/mock_TeamService.go:106.68,108.3 1 0
github.com/Dokhoyan/avito-pr-test/internal/service/mocks/mock_TeamService.go:108.8,110.3 1 0
github.com/Dokhoyan/avito-pr-test/internal/service/mocks/mock_TeamService.go:112.2,112.15 1 0
github.com/Dokhoyan/avito-pr-test/internal/service/mocks/mock_TeamService.go:123.114,125.2 1 0
github.com/Dokhoyan/avito-pr-test/internal/service/mocks/mock_TeamService.go:127.123,128.40 1 0
github.com/Dokhoyan/avito-pr-test/internal/service/mocks/mock_TeamService.go:128.40,130.3 1 0
github.com/Dokhoyan/avito-pr-test/internal/service/mocks/mock_TeamService.go:131.2,131.11 1 0
github.com/Dokhoyan/avito-pr-test/internal/service/mocks/mock_TeamService.go:134.106,137.2 2 0
github.com/Dokhoyan/avito-pr-test/internal/service/mocks/mock_TeamService.go:139.140,142.2 2 0
github.com/Dokhoyan/avito-pr-test/internal/service/mocks/mock_TeamService.go:149.21,153.19 3 0
github.com/Dokhoyan/avito-pr-test/internal/service/mocks/mock_TeamService.go:153.19,153.49 1 0
github.com/Dokhoyan/avito-pr-test/internal/service/mocks/mock_TeamService.go:155.2,155.13 1 0
github.com/Dokhoyan/avito-pr-test/internal/service/mocks/mock_TrManager.go:20.59,22.2 1 0
github.com/Dokhoyan/avito-pr-test/internal/service/mocks/mock_TrManager.go:25.88,28.19 2 0
github.com/Dokhoyan/avito-pr-test/internal/service/mocks/mock_TrManager.go:28.19,29.44 1 0
github.com/Dokhoyan/avito-pr-test/internal/service/mocks/mock_TrManager.go:32.2,33.89 2 0
github.com/Dokhoyan/avito-pr-test/internal/service/mocks/mock_TrManager.go:33.89,35.3 1 0
github.com/Dokhoyan/avito-pr-test/internal/service/mocks/mock_TrManager.go:35.8,37.3 1 0
github.com/Dokhoyan/avito-pr-test/internal/service/mocks/mock_TrManager.go:39.2,39.11 1 0
github.com/Dokhoyan/avito-pr-test/internal/service/mocks/mock_TrManager.go:50.94,52.2 1 0
github.com/Dokhoyan/avito-pr-test/internal/service/mocks/mock_TrManager.go:54.124,55.40 1 0
github.com/Dokhoyan/avito-pr-test/internal/service/mocks/mock_TrManager.go:55.40,57.3 1 0
github.com/Dokhoyan/avito-pr-test/internal/service/mocks/mock_TrManager.go:58.2,58.11 1 0
github.com/Dokhoyan/avito-pr-test/internal/service/mocks/mock_TrManager.go:61.75,64.2 2 0
github.com/Dokhoyan/avito-pr-test/internal/service/mocks/mock_TrManager.go:66.132,69.2 2 0
github.com/Dokhoyan/avito-pr-test/internal/service/mocks/mock_TrManager.go:76.19,80.19 3 0
github.com/Dokhoyan/avito-pr-test/internal/service/mocks/mock_TrManager.go:80.19,80.49 1 0
github.com/Dokhoyan/avito-pr-test/internal/service/mocks/mock_TrManager.go:82.2,82.13 1 0
github.com/Dokhoyan/avito-pr-test/internal/service/mocks/mock_UserService.go:21.63,23.2 1 0
github.com/Dokhoyan/avito-pr-test/internal/service/mocks/mock_UserService.go:26.114,29.19 2 0
github.com/Dokhoyan/avito-pr-test/internal/service/mocks/mock_UserService.go:29.19,30.56 1 0
github.com/Dokhoyan/avito-pr-test/internal/service/mocks/mock_UserService.go:33.2,35.97 3 0
github.com/Dokhoyan/avito-pr-test/internal/service/mocks/mock_UserService.go:35.97,37.3 1 0
github.com/Dokhoyan/avito-pr-test/internal/service/mocks/mock_UserService.go:38.2,38.88 1 0
github.com/Dokhoyan/avito-pr-test/internal/service/mocks/mock_UserService.go:38.88,40.3 1 0
github.com/Dokhoyan/avito-pr-test/internal/service/mocks/mock_UserService.go:40.8,41.24 1 0
github.com/Dokhoyan/avito-pr-test/internal/service/mocks/mock_UserService.go:41.24,43.4 1 0
github.com/Dokhoyan/avito-pr-test/internal/service/mocks/mock_UserService.go:46.2,46.68 1 0
github.com/Dokhoyan/avito-pr-test/internal/service/mocks/mock_UserService.go:46.68,48.3 1 0
github.com/Dokhoyan/avito-pr-test/internal/service/mocks/mock_UserService.go:48.8,50.3 1 0
github.com/Dokhoyan/avito-pr-test/internal/service/mocks/mock_UserService.go:52.2,52.15 1 0
github.com/Dokhoyan/avito-pr-test/internal/service/mocks/mock_UserService.go:63.126,65.2 1 0
github.com/Dokhoyan/avito-pr-test/internal/service/mocks/mock_UserService.go:67.135,68.40 1 0
github.com/Dokhoyan/avito-pr-test/internal/service/mocks/mock_UserService.go:68.40,70.3 1 0
github.com/Dokhoyan/avito-pr-test/internal/service/mocks/mock_UserService.go:71.2,71.11 1 0
github.com/Dokhoyan/avito-pr-test/internal/service/mocks/mock_UserService.go:74.134,77.2 2 0
github.com/Dokhoyan/avito-pr-test/internal/service/mocks/mock_UserService.go:79.168,82.2 2 0
github.com/Dokhoyan/avito-pr-test/internal/service/mocks/mock_UserService.go:85.117,88.19 2 0
github.com/Dokhoyan/avito-pr-test/internal/service/mocks/mock_UserService.go:88.19,89.58 1 0
github.com/Dokhoyan/avito-pr-test/internal/service/mocks/mock_UserService.go:92.2,94.89 3 0
github.com/Dokhoyan/avito-pr-test/internal/service/mocks/mock_UserService.go:94.89,96.3 1 0
github.com/Dokhoyan/avito-pr-test/internal/service/mocks/mock_UserService.go:97.2,97.80 1 0
github.com/Dokhoyan/avito-pr-test/internal/service/mocks/mock_UserService.go:97.80,99.3 1 0
github.com/Dokhoyan/avito-pr-test/internal/service/mocks/mock_UserService.go:99.8,100.24 1 0
github.com/Dokhoyan/avito-pr-test/internal/service/mocks/mock_UserService.go:100.24,102.4 1 0
github.com/Dokhoyan/avito-pr-test/internal/service/mocks/mock_UserService.go:105.2,105.74 1 0
github.com/Dokhoyan/avito-pr-test/internal/service/mocks/mock_UserService.go:105.74,107.3 1 0
github.com/Dokhoyan/avito-pr-test/internal/service/mocks/mock_UserService.go:107.8,109.3 1 0
github.com/Dokhoyan/avito-pr-test/internal/service/mocks/mock_UserService.go:111.2,111.15 1 0
github.com/Dokhoyan/avito-pr-test/internal/service/mocks/mock_UserService.go:123.152,125.2 1 0
github.com/Dokhoyan/avito-pr-test/internal/service/mocks/mock_UserService.go:127.154,128.40 1 0
github.com/Dokhoyan/avito-pr-test/internal/service/mocks/mock_UserService.go:128.40,130.3 1 0
github.com/Dokhoyan/avito-pr-test/internal/service/mocks/mock_UserService.go:131.2,131.11 1 0
github.com/Dokhoyan/avito-pr-test/internal/service/mocks/mock_UserService.go:134.124,137.2 2 0
github.com/Dokhoyan/avito-pr-test/internal/service/mocks/mock_UserService.go:139.164,142.2 2 0
github.com/Dokhoyan/avito-pr-test/internal/service/mocks/mock_UserService.go:149.21,153.19 3 0
github.com/Dokhoyan/avito-pr-test/internal/service/mocks/mock_UserService.go:153.19,153.49 1 0
github.com/Dokhoyan/avito-pr-test/internal/service/mocks/mock_UserService.go:155.2,155.13 1 0
github.com/Dokhoyan/avito-pr-test/internal/service/trm.go:20.92,22.2 1 0
github.com/Dokhoyan/avito-pr-test/internal/service/trm.go:25.54,27.2 1 0
github.com/Dokhoyan/avito-pr-test/internal/repository/mocks/mock_PRRepository.go:23.65,25.2 1 0
github.com/Dokhoyan/avito-pr-test/internal/repository/mocks/mock_PRRepository.go:28.99,31.19 2 0
github.com/Dokhoyan/avito-pr-test/internal/repository/mocks/mock_PRRepository.go:31.19,32.56 1 0
github.com/Dokhoyan/avito-pr-test/internal/repository/mocks/mock_PRRepository.go:35.2,36.76 2 0
github.com/Dokhoyan/avito-pr-test/internal/repository/mocks/mock_PRRepository.go:36.76,38.3 1 0
github.com/Dokhoyan/avito-pr-test/internal/repository/mocks/mock_PRRepository.go:38.8,40.3 1 0
github.com/Dokhoyan/avito-pr-test/internal/repository/mocks/mock_PRRepository.go:42.2,42.11 1 0
github.com/Dokhoyan/avito-pr-test/internal/repository/mocks/mock_PRRepository.go:54.146,56.2 1 0
github.com/Dokhoyan/avito-pr-test/internal/repository/mocks/mock_PRRepository.go:58.150,59.40 1 0
github.com/Dokhoyan/avito-pr-test/internal/repository/mocks/mock_PRRepository.go:59.40,61.3 1 0
github.com/Dokhoyan/avito-pr-test/internal/repository/mocks/mock_PRRepository.go:62.2,62.11 1 0
github.com/Dokhoyan/avito-pr-test/internal/repository/mocks/mock_PRRepository.go:65.105,68.2 2 0
github.com/Dokhoyan/avito-pr-test/internal/repository/mocks/mock_PRRepository.go:70.149,73.2 2 0
github.com/Dokhoyan/avito-pr-test/internal/repository/mocks/mock_PRRepository.go:76.88,79.19 2 0
github.com/Dokhoyan/avito-pr-test/internal/repository/mocks/mock_PRRepository.go:79.19,80.50 1 0
github.com/Dokhoyan/avito-pr-test/internal/repository/mocks/mock_PRRepository.go:83.2,84.80 2 0
github.com/Dokhoyan/avito-pr-test/internal/repository/mocks/mock_PRRepository.go:84.80,86.3 1 0
github.com/Dokhoyan/avito-pr-test/internal/repository/mocks/mock_PRRepository.go:86.8,88.3 1 0
github.com/Dokhoyan/avito-pr-test/internal/repository/mocks/mock_PRRepository.go:90.2,90.11 1 0
github.com/Dokhoyan/avito-pr-test/internal/repository/mocks/mock_PRRepository.go:101.112,103.2 1 0
github.com/Dokhoyan/avito-pr-test/internal/repository/mocks/mock_PRRepository.go:105.133,106.40 1 0
github.com/Dokhoyan/avito-pr-test/internal/repository/mocks/mock_PRRepository.go:106.40,108.3 1 0
github.com/Dokhoyan/avito-pr-test/internal/repository/mocks/mock_PRRepository.go:109.2,109.11 1 0
github.com/Dokhoyan/avito-pr-test/internal/repository/mocks/mock_PRRepository.go:112.93,115.2 2 0
github.com/Dokhoyan/avito-pr-test/internal/repository/mocks/mock_PRRepository.go:117.141,120.2 2 0
github.com/Dokhoyan/avito-pr-test/internal/repository/mocks/mock_PRRepository.go:123.101,126.19 2 0
github.com/Dokhoyan/avito-pr-test/internal/repository/mocks/mock_PRRepository.go:126.19,127.51 1 0
github.com/Dokhoyan/avito-pr-test/internal/repository/mocks/mock_PRRepository.go:130.2,132.90 3 0
github.com/Dokhoyan/avito-pr-test/internal/repository/mocks/mock_PRRepository.go:132.90,134.3 1 0
github.com/Dokhoyan/avito-pr-test/internal/repository/mocks/mock_PRRepository.go:135.2,135.81 1 0
github.com/Dokhoyan/avito-pr-test/internal/repository/mocks/mock_PRRepository.go:135.81,137.3 1 0
github.com/Dokhoyan/avito-pr-test/internal/repository/mocks/mock_PRRepository.go:137.8,138.24 1 0
github.com/Dokhoyan/avito-pr-test/internal/repository/mocks/mock_PRRepository.go:138.24,140.4 1 0
github.com/Dokhoyan/avito-pr-test/internal/repository/mocks/mock_PRRepository.go:143.2,143.68 1 0
github.com/Dokhoyan/avito-pr-test/internal/repository/mocks/mock_PRRepository.go:143.68,145.3 1 0
github.com/Dokhoyan/avito-pr-test/internal/repository/mocks/mock_PRRepository.go:145.8,147.3 1 0
github.com/Dokhoyan/avito-pr-test/internal/repository/mocks/mock_PRRepository.go:149.2,149.15 1 0
github.com/Dokhoyan/avito-pr-test/internal/repository/mocks/mock_PRRepository.go:160.116,162.2 1 0
github.com/Dokhoyan/avito-pr-test/internal/repository/mocks/mock_PRRepository.go:164.125,165.40 1 0
github.com/Dokhoyan/avito-pr-test/internal/repository/mocks/mock_PRRepository.go:165.40,167.3 1 0
github.com/Dokhoyan/avito-pr-test/internal/repository/mocks/mock_PRRepository.go:168.2,168.11 1 0
github.com/Dokhoyan/avito-pr-test/internal/repository/mocks/mock_PRRepository.go:171.119,174.2 2 0
github.com/Dokhoyan/avito-pr-test/internal/repository/mocks/mock_PRRepository.go:176.153,179.2 2 0
github.com/Dokhoyan/avito-pr-test/internal/repository/mocks/mock_PRRepository.go:182.114,185.19 2 0
github.com/Dokhoyan/avito-pr-test/internal/repository/mocks/mock_PRRepository.go:185.19,186.56 1 0
github.com/Dokhoyan/avito-pr-test/internal/repository/mocks/mock_PRRepository.go:189.2,190.87 2 0
github.com/Dokhoyan/avito-pr-test/internal/repository/mocks/mock_PRRepository.go:190.87,192.3 1 0
github.com/Dokhoyan/avito-pr-test/internal/repository/mocks/mock_PRRepository.go:192.8,194.3 1 0
github.com/Dokhoyan/avito-pr-test/internal/repository/mocks/mock_PRRepository.go:196.2,196.11 1 0
github.com/Dokhoyan/avito-pr-test/internal/repository/mocks/mock_PRRepository.go:209.163,211.2 1 0
github.com/Dokhoyan/avito-pr-test/internal/repository/mocks/mock_PRRepository.go:213.165,214.40 1 0
github.com/Dokhoyan/avito-pr-test/internal/repository/mocks/mock_PRRepository.go:214.40,216.3 1 0
github.com/Dokhoyan/avito-pr-test/internal/repository/mocks/mock_PRRepository.go:217.2,217.11 1 0
github.com/Dokhoyan/avito-pr-test/internal/repository/mocks/mock_PRRepository.go:220.105,223.2 2 0
github.com/Dokhoyan/avito-pr-test/internal/repository/mocks/mock_PRRepository.go:225.160,228.2 2 0
github.com/Dokhoyan/avito-pr-test/internal/repository/mocks/mock_PRRepository.go:231.86,234.19 2 0
github.com/Dokhoyan/avito-pr-test/internal/repository/mocks/mock_PRRepository.go:234.19,235.50 1 0
github.com/Dokhoyan/avito-pr-test/internal/repository/mocks/mock_PRRepository.go:238.2,240.76 3 0
github.com/Dokhoyan/avito-pr-test/internal/repository/mocks/mock_PRRepository.go:240.76,242.3 1 0
github.com/Dokhoyan/avito-pr-test/internal/repository/mocks/mock_PRRepository.go:243.2,243.67 1 0
github.com/Dokhoyan/avito-pr-test/internal/repository/mocks/mock_PRRepository.go:243.67,245.3 1 0
github.com/Dokhoyan/avito-pr-test/internal/repository/mocks/mock_PRRepository.go:245.8,247.3 1 0
github.com/Dokhoyan/avito-pr-test/internal/repository/mocks/mock_PRRepository.go:249.2,249.68 1 0
github.com/Dokhoyan/avito-pr-test/internal/repository/mocks/mock_PRRepository.go:249.68,251.3 1 0
github.com/Dokhoyan/avito-pr-test/internal/repository/mocks/mock_PRRepository.go:251.8,253.3 1 0
github.com/Dokhoyan/avito-pr-test/internal/repository/mocks/mock_PRRepository.go:255.2,255.15 1 0
github.com/Dokhoyan/avito-pr-test/internal/repository/mocks/mock_PRRepository.go:266.114,268.2 1 0
github.com/Dokhoyan/avito-pr-test/internal/repository/mocks/mock_PRRepository.go:270.123,271.40 1 0
github.com/Dokhoyan/avito-pr-test/internal/repository/mocks/mock_PRRepository.go:271.40,273.3 1 0
github.com/Dokhoyan/avito-pr-test/internal/repository/mocks/mock_PRRepository.go:274.2,274.11 1 0
github.com/Dokhoyan/avito-pr-test/internal/repository/mocks/mock_PRRepository.go:277.103,280.2 2 0
github.com/Dokhoyan/avito-pr-test/internal/repository/mocks/mock_PRRepository.go:282.137,285.2 2 0
github.com/Dokhoyan/avito-pr-test/internal/repository/mocks/mock_PRRepository.go:288.99,291.19 2 0
github.com/Dokhoyan/avito-pr-test/internal/repository/mocks/mock_PRRepository.go:291.19,292.56 1 0
github.com/Dokhoyan/avito-pr-test/internal/repository/mocks/mock_PRRepository.go:295.2,296.76 2 0
github.com/Dokhoyan/avito-pr-test/internal/repository/mocks/mock_PRRepository.go:296.76,298.3 1 0
github.com/Dokhoyan/avito-pr-test/internal/repository/mocks/mock_PRRepository.go:298.8,300.3 1 0
github.com/Dokhoyan/avito-pr-test/internal/repository/mocks/mock_PRRepository.go:302.2,302.11 1 0
github.com/Dokhoyan/avito-pr-test/internal/repository/mocks/mock_PRRepository.go:314.146,316.2 1 0
github.com/Dokhoyan/avito-pr-test/internal/repository/mocks/mock_PRRepository.go:318.150,319.40 1 0
github.com/Dokhoyan/avito-pr-test/internal/repository/mocks/mock_PRRepository.go:319.40,321.3 1 0
github.com/Dokhoyan/avito-pr-test/internal/repository/mocks/mock_PRRepository.go:322.2,322.11 1 0
github.com/Dokhoyan/avito-pr-test/internal/repository/mocks/mock_PRRepository.go:325.105,328.2 2 0
github.com/Dokhoyan/avito-pr-test/internal/repository/mocks/mock_PRRepository.go:330.149,333.2 2 0
github.com/Dokhoyan/avito-pr-test/internal/repository/mocks/mock_PRRepository.go:340.22,344.19 3 0
github.com/Dokhoyan/avito-pr-test/internal/repository/mocks/mock_PRRepository.go:344.19,344.49 1 0
github.com/Dokhoyan/avito-pr-test/internal/repository/mocks/mock_PRRepository.go:346.2,346.13 1 0
github.com/Dokhoyan/avito-pr-test/internal/repository/mocks/mock_StatsRepository.go:21.71,23.2 1 0
github.com/Dokhoyan/avito-pr-test/internal/repository/mocks/mock_StatsRepository.go:26.86,29.19 2 0
github.com/Dokhoyan/avito-pr-test/internal/repository/mocks/mock_StatsRepository.go:29.19,30.61 1 0
github.com/Dokhoyan/avito-pr-test/internal/repository/mocks/mock_StatsRepository.go:33.2,35.67 3 0
github.com/Dokhoyan/avito-pr-test/internal/repository/mocks/mock_StatsRepository.go:35.67,37.3 1 0
github.com/Dokhoyan/avito-pr-test/internal/repository/mocks/mock_StatsRepository.go:38.2,38.58 1 0
github.com/Dokhoyan/avito-pr-test/internal/repository/mocks/mock_StatsRepository.go:38.58,40.3 1 0
github.com/Dokhoyan/avito-pr-test/internal/repository/mocks/mock_StatsRepository.go:40.8,42.3 1 0
github.com/Dokhoyan/avito-pr-test/internal/repository/mocks/mock_StatsRepository.go:44.2,44.60 1 0
github.com/Dokhoyan/avito-pr-test/internal/repository/mocks/mock_StatsRepository.go:44.60,46.3 1 0
github.com/Dokhoyan/avito-pr-test/internal/repository/mocks/mock_StatsRepository.go:46.8,48.3 1 0
github.com/Dokhoyan/avito-pr-test/internal/repository/mocks/mock_StatsRepository.go:50.2,50.15 1 0
github.com/Dokhoyan/avito-pr-test/internal/repository/mocks/mock_StatsRepository.go:60.124,62.2 1 0
github.com/Dokhoyan/avito-pr-test/internal/repository/mocks/mock_StatsRepository.go:64.138,65.40 1 0
github.com/Dokhoyan/avito-pr-test/internal/repository/mocks/mock_StatsRepository.go:65.40,67.3 1 0
github.com/Dokhoyan/avito-pr-test/internal/repository/mocks/mock_StatsRepository.go:68.2,68.11 1 0
github.com/Dokhoyan/avito-pr-test/internal/repository/mocks/mock_StatsRepository.go:71.130,74.2 2 0
github.com/Dokhoyan/avito-pr-test/internal/repository/mocks/mock_StatsRepository.go:76.156,79.2 2 0
github.com/Dokhoyan/avito-pr-test/internal/repository/mocks/mock_StatsRepository.go:82.88,85.19 2 0
github.com/Dokhoyan/avito-pr-test/internal/repository/mocks/mock_StatsRepository.go:85.19,86.52 1 0
github.com/Dokhoyan/avito-pr-test/internal/repository/mocks/mock_StatsRepository.go:89.2,91.78 3 0
github.com/Dokhoyan/avito-pr-test/internal/repository/mocks/mock_StatsRepository.go:91.78,93.3 1 0
github.com/Dokhoyan/avito-pr-test/internal/repository/mocks/mock_StatsRepository.go:94.2,94.69 1 0
github.com/Dokhoyan/avito-pr-test/internal/repository/mocks/mock_StatsRepository.go:94.69,96.3 1 0
github.com/Dokhoyan/avito-pr-test/internal/repository/mocks/mock_StatsRepository.go:96.8,97.24 1 0
github.com/Dokhoyan/avito-pr-test/internal/repository/mocks/mock_StatsRepository.go:97.24,99.4 1 0
github.com/Dokhoyan/avito-pr-test/internal/repository/mocks/mock_StatsRepository.go:102.2,102.60 1 0
github.com/Dokhoyan/avito-pr-test/internal/repository/mocks/mock_StatsRepository.go:102.60,104.3 1 0
github.com/Dokhoyan/avito-pr-test/internal/repository/mocks/mock_StatsRepository.go:104.8,106.3 1 0
github.com/Dokhoyan/avito-pr-test/internal/repository/mocks/mock_StatsRepository.go:108.2,108.15 1 0
github.com/Dokhoyan/avito-pr-test/internal/repository/mocks/mock_StatsRepository.go:118.106,120.2 1 0
github.com/Dokhoyan/avito-pr-test/internal/repository/mocks/mock_StatsRepository.go:122.120,123.40 1 0
github.com/Dokhoyan/avito-pr-test/internal/repository/mocks/mock_StatsRepository.go:123.40,125.3 1 0
github.com/Dokhoyan/avito-pr-test/internal/repository/mocks/mock_StatsRepository.go:126.2,126.11 1 0
github.com/Dokhoyan/avito-pr-test/internal/repository/mocks/mock_StatsRepository.go:129.123,132.2 2 0
github.com/Dokhoyan/avito-pr-test/internal/repository/mocks/mock_StatsRepository.go:134.149,137.2 2 0
github.com/Dokhoyan/avito-pr-test/internal/repository/mocks/mock_StatsRepository.go:140.80,143.19 2 0
github.com/Dokhoyan/avito-pr-test/internal/repository/mocks/mock_StatsRepository.go:143.19,144.55 1 0
github.com/Dokhoyan/avito-pr-test/internal/repository/mocks/mock_StatsRepository.go:147.2,149.67 3 0
github.com/Dokhoyan/avito-pr-test/internal/repository/mocks/mock_StatsRepository.go:149.67,151.3 1 0
github.com/Dokhoyan/avito-pr-test/internal/repository/mocks/mock_StatsRepository.go:152.2,152.58 1 0
github.com/Dokhoyan/avito-pr-test/internal/repository/mocks/mock_StatsRepository.go:152.58,154.3 1 0
github.com/Dokhoyan/avito-pr-test/internal/repository/mocks/mock_StatsRepository.go:154.8,156.3 1 0
github.com/Dokhoyan/avito-pr-test/internal/repository/mocks/mock_StatsRepository.go:158.2,158.60 1 0
github.com/Dokhoyan/avito-pr-test/internal/repository/mocks/mock_StatsRepository.go:158.60,160.3 1 0
github.com/Dokhoyan/avito-pr-test/internal/repository/mocks/mock_StatsRepository.go:160.8,162.3 1 0
github.com/Dokhoyan/avito-pr-test/internal/repository/mocks/mock_StatsRepository.go:164.2,164.15 1 0
github.com/Dokhoyan/avito-pr-test/internal/repository/mocks/mock_StatsRepository.go:174.112,176.2 1 0
github.com/Dokhoyan/avito-pr-test/internal/repository/mocks/mock_StatsRepository.go:178.126,179.40 1 0
github.com/Dokhoyan/avito-pr-test/internal/repository/mocks/mock_StatsRepository.go:179.40,181.3 1 0
github.com/Dokhoyan/avito-pr-test/internal/repository/mocks/mock_StatsRepository.go:182.2,182.11 1 0
github.com/Dokhoyan/avito-pr-test/internal/repository/mocks/mock_StatsRepository.go:185.118,188.2 2 0
github.com/Dokhoyan/avito-pr-test/internal/repository/mocks/mock_StatsRepository.go:190.144,193.2 2 0
github.com/Dokhoyan/avito-pr-test/internal/repository/mocks/mock_StatsRepository.go:196.94,199.19 2 0
github.com/Dokhoyan/avito-pr-test/internal/repository/mocks/mock_StatsRepository.go:199.19,200.55 1 0
github.com/Dokhoyan/avito-pr-test/internal/repository/mocks/mock_StatsRepository.go:203.2,205.81 3 0
github.com/Dokhoyan/avito-pr-test/internal/repository/mocks/mock_StatsRepository.go:205.81,207.3 1 0
github.com/Dokhoyan/avito-pr-test/internal/repository/mocks/mock_StatsRepository.go:208.2,208.72 1 0
github.com/Dokhoyan/avito-pr-test/internal/repository/mocks/mock_StatsRepository.go:208.72,210.3 1 0
github.com/Dokhoyan/avito-pr-test/internal/repository/mocks/mock_StatsRepository.go:210.8,211.24 1 0
github.com/Dokhoyan/avito-pr-test/internal/repository/mocks/mock_StatsRepository.go:211.24,213.4 1 0
github.com/Dokhoyan/avito-pr-test/internal/repository/mocks/mock_StatsRepository.go:216.2,216.60 1 0
github.com/Dokhoyan/avito-pr-test/internal/repository/mocks/mock_StatsRepository.go:216.60,218.3 1 0
github.com/Dokhoyan/avito-pr-test/internal/repository/mocks/mock_StatsRepository.go:218.8,220.3 1 0
github.com/Dokhoyan/avito-pr-test/internal/repository/mocks/mock_StatsRepository.go:222.2,222.15 1 0
github.com/Dokhoyan/avito-pr-test/internal/repository/mocks/mock_StatsRepository.go:232.112,234.2 1 0
github.com/Dokhoyan/avito-pr-test/internal/repository/mocks/mock_StatsRepository.go:236.126,237.40 1 0
github.com/Dokhoyan/avito-pr-test/internal/repository/mocks/mock_StatsRepository.go:237.40,239.3 1 0
github.com/Dokhoyan/avito-pr-test/internal/repository/mocks/mock_StatsRepository.go:240.2,240.11 1 0
github.com/Dokhoyan/avito-pr-test/internal/repository/mocks/mock_StatsRepository.go:243.132,246.2 2 0
github.com/Dokhoyan/avito-pr-test/internal/repository/mocks/mock_StatsRepository.go:248.158,251.2 2 0
github.com/Dokhoyan/avito-pr-test/internal/repository/mocks/mock_StatsRepository.go:258.25,262.19 3 0
github.com/Dokhoyan/avito-pr-test/internal/repository/mocks/mock_StatsRepository.go:262.19,262.49 1 0
github.com/Dokhoyan/avito-pr-test/internal/repository/mocks/mock_StatsRepository.go:264.2,264.13 1 0
github.com/Dokhoyan/avito-pr-test/internal/repository/mocks/mock_TeamRepository.go:21.69,23.2 1 0
github.com/Dokhoyan/avito-pr-test/internal/repository/mocks/mock_TeamRepository.go:26.86,29.19 2 0
github.com/Dokhoyan/avito-pr-test/internal/repository/mocks/mock_TeamRepository.go:29.19,30.52 1 0
github.com/Dokhoyan/avito-pr-test/internal/repository/mocks/mock_TeamRepository.go:33.2,34.68 2 0
github.com/Dokhoyan/avito-pr-test/internal/repository/mocks/mock_TeamRepository.go:34.68,36.3 1 0
github.com/Dokhoyan/avito-pr-test/internal/repository/mocks/mock_TeamRepository.go:36.8,38.3 1 0
github.com/Dokhoyan/avito-pr-test/internal/repository/mocks/mock_TeamRepository.go:40.2,40.11 1 0
github.com/Dokhoyan/avito-pr-test/internal/repository/mocks/mock_TeamRepository.go:51.126,53.2 1 0
github.com/Dokhoyan/avito-pr-test/internal/repository/mocks/mock_TeamRepository.go:55.135,56.40 1 0
github.com/Dokhoyan/avito-pr-test/internal/repository/mocks/mock_TeamRepository.go:56.40,58.3 1 0
github.com/Dokhoyan/avito-pr-test/internal/repository/mocks/mock_TeamRepository.go:59.2,59.11 1 0
github.com/Dokhoyan/avito-pr-test/internal/repository/mocks/mock_TeamRepository.go:62.101,65.2 2 0
github.com/Dokhoyan/avito-pr-test/internal/repository/mocks/mock_TeamRepository.go:67.137,70.2 2 0
github.com/Dokhoyan/avito-pr-test/internal/repository/mocks/mock_TeamRepository.go:73.105,76.19 2 0
github.com/Dokhoyan/avito-pr-test/internal/repository/mocks/mock_TeamRepository.go:76.19,77.60 1 0
github.com/Dokhoyan/avito-pr-test/internal/repository/mocks/mock_TeamRepository.go:80.2,82.83 3 0
github.com/Dokhoyan/avito-pr-test/internal/repository/mocks/mock_TeamRepository.go:82.83,84.3 1 0
github.com/Dokhoyan/avito-pr-test/internal/repository/mocks/mock_TeamRepository.go:85.2,85.74 1 0
github.com/Dokhoyan/avito-pr-test/internal/repository/mocks/mock_TeamRepository.go:85.74,87.3 1 0
github.com/Dokhoyan/avito-pr-test/internal/repository/mocks/mock_TeamRepository.go:87.8,88.24 1 0
github.com/Dokhoyan/avito-pr-test/internal/repository/mocks/mock_TeamRepository.go:88.24,90.4 1 0
github.com/Dokhoyan/avito-pr-test/internal/repository/mocks/mock_TeamRepository.go:93.2,93.68 1 0
github.com/Dokhoyan/avito-pr-test/internal/repository/mocks/mock_TeamRepository.go:93.68,95.3 1 0
github.com/Dokhoyan/avito-pr-test/internal/repository/mocks/mock_TeamRepository.go:95.8,97.3 1 0
github.com/Dokhoyan/avito-pr-test/internal/repository/mocks/mock_TeamRepository.go:99.2,99.15 1 0
github.com/Dokhoyan/avito-pr-test/internal/repository/mocks/mock_TeamRepository.go:110.138,112.2 1 0
github.com/Dokhoyan/avito-pr-test/internal/repository/mocks/mock_TeamRepository.go:114.147,115.40 1 0
github.com/Dokhoyan/avito-pr-test/internal/repository/mocks/mock_TeamRepository.go:115.40,117.3 1 0
github.com/Dokhoyan/avito-pr-test/internal/repository/mocks/mock_TeamRepository.go:118.2,118.11 1 0
github.com/Dokhoyan/avito-pr-test/internal/repository/mocks/mock_TeamRepository.go:121.134,124.2 2 0
github.com/Dokhoyan/avito-pr-test/internal/repository/mocks/mock_TeamRepository.go:126.168,129.2 2 0
github.com/Dokhoyan/avito-pr-test/internal/repository/mocks/mock_TeamRepository.go:132.90,135.19 2 0
github.com/Dokhoyan/avito-pr-test/internal/repository/mocks/mock_TeamRepository.go:135.19,136.52 1 0
github.com/Dokhoyan/avito-pr-test/internal/repository/mocks/mock_TeamRepository.go:139.2,141.76 3 0
github.com/Dokhoyan/avito-pr-test/internal/repository/mocks/mock_TeamRepository.go:141.76,143.3 1 0
github.com/Dokhoyan/avito-pr-test/internal/repository/mocks/mock_TeamRepository.go:144.2,144.67 1 0
github.com/Dokhoyan/avito-pr-test/internal/repository/mocks/mock_TeamRepository.go:144.67,146.3 1 0
github.com/Dokhoyan/avito-pr-test/internal/repository/mocks/mock_TeamRepository.go:146.8,148.3 1 0
github.com/Dokhoyan/avito-pr-test/internal/repository/mocks/mock_TeamRepository.go:150.2,150.68 1 0
github.com/Dokhoyan/avito-pr-test/internal/repository/mocks/mock_TeamRepository.go:150.68,152.3 1 0
github.com/Dokhoyan/avito-pr-test/internal/repository/mocks/mock_TeamRepository.go:152.8,154.3 1 0
github.com/Dokhoyan/avito-pr-test/internal/repository/mocks/mock_TeamRepository.go:156.2,156.15 1 0
github.com/Dokhoyan/avito-pr-test/internal/repository/mocks/mock_TeamRepository.go:167.122,169.2 1 0
github.com/Dokhoyan/avito-pr-test/internal/repository/mocks/mock_TeamRepository.go:171.131,172.40 1 0
github.com/Dokhoyan/avito-pr-test/internal/repository/mocks/mock_TeamRepository.go:172.40,174.3 1 0
github.com/Dokhoyan/avito-pr-test/internal/repository/mocks/mock_TeamRepository.go:175.2,175.11 1 0
github.com/Dokhoyan/avito-pr-test/internal/repository/mocks/mock_TeamRepository.go:178.111,181.2 2 0
github.com/Dokhoyan/avito-pr-test/internal/repository/mocks/mock_TeamRepository.go:183.145,186.2 2 0
github.com/Dokhoyan/avito-pr-test/internal/repository/mocks/mock_TeamRepository.go:193.24,197.19 3 0
github.com/Dokhoyan/avito-pr-test/internal/repository/mocks/mock_TeamRepository.go:197.19,197.49 1 0
github.com/Dokhoyan/avito-pr-test/internal/repository/mocks/mock_TeamRepository.go:199.2,199.13 1 0
github.com/Dokhoyan/avito-pr-test/internal/repository/mocks/mock_UserRepository.go:21.69,23.2 1 0
github.com/Dokhoyan/avito-pr-test/internal/repository/mocks/mock_UserRepository.go:26.115,29.19 2 0
github.com/Dokhoyan/avito-pr-test/internal/repository/mocks/mock_UserRepository.go:29.19,30.60 1 0
github.com/Dokhoyan/avito-pr-test/internal/repository/mocks/mock_UserRepository.go:33.2,34.86 2 0
github.com/Dokhoyan/avito-pr-test/internal/repository/mocks/mock_UserRepository.go:34.86,36.3 1 0
github.com/Dokhoyan/avito-pr-test/internal/repository/mocks/mock_UserRepository.go:36.8,38.3 1 0
github.com/Dokhoyan/avito-pr-test/internal/repository/mocks/mock_UserRepository.go:40.2,40.11 1 0
github.com/Dokhoyan/avito-pr-test/internal/repository/mocks/mock_UserRepository.go:52.158,54.2 1 0
github.com/Dokhoyan/avito-pr-test/internal/repository/mocks/mock_UserRepository.go:56.172,57.40 1 0
github.com/Dokhoyan/avito-pr-test/internal/repository/mocks/mock_UserRepository.go:57.40,59.3 1 0
github.com/Dokhoyan/avito-pr-test/internal/repository/mocks/mock_UserRepository.go:60.2,60.11 1 0
github.com/Dokhoyan/avito-pr-test/internal/repository/mocks/mock_UserRepository.go:63.117,66.2 2 0
github.com/Dokhoyan/avito-pr-test/internal/repository/mocks/mock_UserRepository.go:68.171,71.2 2 0
github.com/Dokhoyan/avito-pr-test/internal/repository/mocks/mock_UserRepository.go:74.150,76.29 2 0
github.com/Dokhoyan/avito-pr-test/internal/repository/mocks/mock_UserRepository.go:76.29,78.3 1 0
github.com/Dokhoyan/avito-pr-test/internal/repository/mocks/mock_UserRepository.go:79.2,84.19 5 0
github.com/Dokhoyan/avito-pr-test/internal/repository/mocks/mock_UserRepository.go:84.19,85.62 1 0
github.com/Dokhoyan/avito-pr-test/internal/repository/mocks/mock_UserRepository.go:88.2,90.104 3 0
github.com/Dokhoyan/avito-pr-test/internal/repository/mocks/mock_UserRepository.go:90.104,92.3 1 0
github.com/Dokhoyan/avito-pr-test/internal/repository/mocks/mock_UserRepository.go:93.2,93.95 1 0
github.com/Dokhoyan/avito-pr-test/internal/repository/mocks/mock_UserRepository.go:93.95,95.3 1 0
github.com/Dokhoyan/avito-pr-test/internal/repository/mocks/mock_UserRepository.go:95.8,96.24 1 0
github.com/Dokhoyan/avito-pr-test/internal/repository/mocks/mock_UserRepository.go:96.24,98.4 1 0
github.com/Dokhoyan/avito-pr-test/internal/repository/mocks/mock_UserRepository.go:101.2,101.87 1 0
github.com/Dokhoyan/avito-pr-test/internal/repository/mocks/mock_UserRepository.go:101.87,103.3 1 0
github.com/Dokhoyan/avito-pr-test/internal/repository/mocks/mock_UserRepository.go:103.8,105.3 1 0
github.com/Dokhoyan/avito-pr-test/internal/repository/mocks/mock_UserRepository.go:107.2,107.15 1 0
github.com/Dokhoyan/avito-pr-test/internal/repository/mocks/mock_UserRepository.go:120.193,123.2 1 0
github.com/Dokhoyan/avito-pr-test/internal/repository/mocks/mock_UserRepository.go:125.192,126.40 1 0
github.com/Dokhoyan/avito-pr-test/internal/repository/mocks/mock_UserRepository.go:126.40,128.30 2 0
github.com/Dokhoyan/avito-pr-test/internal/repository/mocks/mock_UserRepository.go:128.30,129.16 1 0
github.com/Dokhoyan/avito-pr-test/internal/repository/mocks/mock_UserRepository.go:129.16,131.5 1 0
github.com/Dokhoyan/avito-pr-test/internal/repository/mocks/mock_UserRepository.go:133.3,133.86 1 0
github.com/Dokhoyan/avito-pr-test/internal/repository/mocks/mock_UserRepository.go:135.2,135.11 1 0
github.com/Dokhoyan/avito-pr-test/internal/repository/mocks/mock_UserRepository.go:138.140,141.2 2 0
github.com/Dokhoyan/avito-pr-test/internal/repository/mocks/mock_UserRepository.go:143.193,146.2 2 0
github.com/Dokhoyan/avito-pr-test/internal/repository/mocks/mock_UserRepository.go:149.100,152.19 2 0
github.com/Dokhoyan/avito-pr-test/internal/repository/mocks/mock_UserRepository.go:152.19,153.53 1 0
github.com/Dokhoyan/avito-pr-test/internal/repository/mocks/mock_UserRepository.go:156.2,158.83 3 0
github.com/Dokhoyan/avito-pr-test/internal/repository/mocks/mock_UserRepository.go:158.83,160.3 1 0
github.com/Dokhoyan/avito-pr-test/internal/repository/mocks/mock_UserRepository.go:161.2,161.74 1 0
github.com/Dokhoyan/avito-pr-test/internal/repository/mocks/mock_UserRepository.go:161.74,163.3 1 0
github.com/Dokhoyan/avito-pr-test/internal/repository/mocks/mock_UserRepository.go:163.8,164.24 1 0
github.com/Dokhoyan/avito-pr-test/internal/repository/mocks/mock_UserRepository.go:164.24,166.4 1 0
github.com/Dokhoyan/avito-pr-test/internal/repository/mocks/mock_UserRepository.go:169.2,169.68 1 0
github.com/Dokhoyan/avito-pr-test/internal/repository/mocks/mock_UserRepository.go:169.68,171.3 1 0
github.com/Dokhoyan/avito-pr-test/internal/repository/mocks/mock_UserRepository.go:171.8,173.3 1 0
github.com/Dokhoyan/avito-pr-test/internal/repository/mocks/mock_UserRepository.go:175.2,175.15 1 0
github.com/Dokhoyan/avito-pr-test/internal/repository/mocks/mock_UserRepository.go:186.126,188.2 1 0
github.com/Dokhoyan/avito-pr-test/internal/repository/mocks/mock_UserRepository.go:190.135,191.40 1 0
github.com/Dokhoyan/avito-pr-test/internal/repository/mocks/mock_UserRepository.go:191.40,193.3 1 0
github.com/Dokhoyan/avito-pr-test/internal/repository/mocks/mock_UserRepository.go:194.2,194.11 1 0
github.com/Dokhoyan/avito-pr-test/internal/repository/mocks/mock_UserRepository.go:197.120,200.2 2 0
github.com/Dokhoyan/avito-pr-test/internal/repository/mocks/mock_UserRepository.go:202.154,205.2 2 0
github.com/Dokhoyan/avito-pr-test/internal/repository/mocks/mock_UserRepository.go:208.117,211.19 2 0
github.com/Dokhoyan/avito-pr-test/internal/repository/mocks/mock_UserRepository.go:211.19,212.56 1 0
github.com/Dokhoyan/avito-pr-test/internal/repository/mocks/mock_UserRepository.go:215.2,217.97 3 0
github.com/Dokhoyan/avito-pr-test/internal/repository/mocks/mock_UserRepository.go:217.97,219.3 1 0
github.com/Dokhoyan/avito-pr-test/internal/repository/mocks/mock_UserRepository.go:220.2,220.88 1 0
github.com/Dokhoyan/avito-pr-test/internal/repository/mocks/mock_UserRepository.go:220.88,222.3 1 0
github.com/Dokhoyan/avito-pr-test/internal/repository/mocks/mock_UserRepository.go:222.8,223.24 1 0
github.com/Dokhoyan/avito-pr-test/internal/repository/mocks/mock_UserRepository.go:223.24,225.4 1 0
github.com/Dokhoyan/avito-pr-test/internal/repository/mocks/mock_UserRepository.go:228.2,228.68 1 0
github.com/Dokhoyan/avito-pr-test/internal/repository/mocks/mock_UserRepository.go:228.68,230.3 1 0
github.com/Dokhoyan/avito-pr-test/internal/repository/mocks/mock_UserRepository.go:230.8,232.3 1 0
github.com/Dokhoyan/avito-pr-test/internal/repository/mocks/mock_UserRepository.go:234.2,234.15 1 0
github.com/Dokhoyan/avito-pr-test/internal/repository/mocks/mock_UserRepository.go:245.132,247.2 1 0
github.com/Dokhoyan/avito-pr-test/internal/repository/mocks/mock_UserRepository.go:249.141,250.40 1 0
github.com/Dokhoyan/avito-pr-test/internal/repository/mocks/mock_UserRepository.go:250.40,252.3 1 0
github.com/Dokhoyan/avito-pr-test/internal/repository/mocks/mock_UserRepository.go:253.2,253.11 1 0
github.com/Dokhoyan/avito-pr-test/internal/repository/mocks/mock_UserRepository.go:256.140,259.2 2 0
github.com/Dokhoyan/avito-pr-test/internal/repository/mocks/mock_UserRepository.go:261.174,264.2 2 0
github.com/Dokhoyan/avito-pr-test/internal/repository/mocks/mock_UserRepository.go:267.109,270.19 2 0
github.com/Dokhoyan/avito-pr-test/internal/repository/mocks/mock_UserRepository.go:270.19,271.62 1 0
github.com/Dokhoyan/avito-pr-test/internal/repository/mocks/mock_UserRepository.go:274.2,275.74 2 0
github.com/Dokhoyan/avito-pr-test/internal/repository/mocks/mock_UserRepository.go:275.74,277.3 1 0
github.com/Dokhoyan/avito-pr-test/internal/repository/mocks/mock_UserRepository.go:277.8,279.3 1 0
github.com/Dokhoyan/avito-pr-test/internal/repository/mocks/mock_UserRepository.go:281.2,281.11 1 0
github.com/Dokhoyan/avito-pr-test/internal/repository/mocks/mock_UserRepository.go:293.166,295.2 1 0
github.com/Dokhoyan/avito-pr-test/internal/repository/mocks/mock_UserRepository.go:297.168,298.40 1 0
github.com/Dokhoyan/avito-pr-test/internal/repository/mocks/mock_UserRepository.go:298.40,300.3 1 0
github.com/Dokhoyan/avito-pr-test/internal/repository/mocks/mock_UserRepository.go:301.2,301.11 1 0
github.com/Dokhoyan/avito-pr-test/internal/repository/mocks/mock_UserRepository.go:304.121,307.2 2 0
github.com/Dokhoyan/avito-pr-test/internal/repository/mocks/mock_UserRepository.go:309.163,312.2 2 0
github.com/Dokhoyan/avito-pr-test/internal/repository/mocks/mock_UserRepository.go:319.24,323.19 3 0
github.com/Dokhoyan/avito-pr-test/internal/repository/mocks/mock_UserRepository.go:323.19,323.49 1 0
github.com/Dokhoyan/avito-pr-test/internal/repository/mocks/mock_UserRepository.go:325.2,325.13 1 0
github.com/Dokhoyan/avito-pr-test/internal/service/pr/create.go:15.105,16.50 1 0
github.com/Dokhoyan/avito-pr-test/internal/service/pr/create.go:16.50,18.3 1 0
github.com/Dokhoyan/avito-pr-test/internal/service/pr/create.go:19.2,19.61 1 0
github.com/Dokhoyan/avito-pr-test/internal/service/pr/create.go:19.61,21.17 2 0
github.com/Dokhoyan/avito-pr-test/internal/service/pr/create.go:21.17,23.4 1 0
github.com/Dokhoyan/avito-pr-test/internal/service/pr/create.go:24.3,24.13 1 0
github.com/Dokhoyan/avito-pr-test/internal/service/pr/create.go:24.13,26.4 1 0
github.com/Dokhoyan/avito-pr-test/internal/service/pr/create.go:27.3,28.17 2 0
github.com/Dokhoyan/avito-pr-test/internal/service/pr/create.go:28.17,29.50 1 0
github.com/Dokhoyan/avito-pr-test/internal/service/pr/create.go:29.50,31.5 1 0
github.com/Dokhoyan/avito-pr-test/internal/service/pr/create.go:33.4,33.54 1 0
github.com/Dokhoyan/avito-pr-test/internal/service/pr/create.go:35.3,35.18 1 0
github.com/Dokhoyan/avito-pr-test/internal/service/pr/create.go:35.18,37.4 1 0
github.com/Dokhoyan/avito-pr-test/internal/service/pr/create.go:38.3,38.21 1 0
github.com/Dokhoyan/avito-pr-test/internal/service/pr/create.go:38.21,40.4 1 0
github.com/Dokhoyan/avito-pr-test/internal/service/pr/create.go:41.3,42.17 2 0
github.com/Dokhoyan/avito-pr-test/internal/service/pr/create.go:42.17,44.4 1 0
github.com/Dokhoyan/avito-pr-test/internal/service/pr/create.go:45.3,45.18 1 0
github.com/Dokhoyan/avito-pr-test/internal/service/pr/create.go:45.18,47.4 1 0
github.com/Dokhoyan/avito-pr-test/internal/service/pr/create.go:49.3,55.64 2 0
github.com/Dokhoyan/avito-pr-test/internal/service/pr/create.go:55.64,57.4 1 0
github.com/Dokhoyan/avito-pr-test/internal/service/pr/create.go:58.3,59.60 2 0
github.com/Dokhoyan/avito-pr-test/internal/service/pr/create.go:59.60,61.4 1 0
github.com/Dokhoyan/avito-pr-test/internal/service/pr/create.go:62.3,62.40 1 0
github.com/Dokhoyan/avito-pr-test/internal/service/pr/create.go:62.40,63.73 1 0
github.com/Dokhoyan/avito-pr-test/internal/service/pr/create.go:63.73,65.5 1 0
github.com/Dokhoyan/avito-pr-test/internal/service/pr/create.go:68.3,68.13 1 0
github.com/Dokhoyan/avito-pr-test/internal/service/pr/create.go:70.2,70.16 1 0
github.com/Dokhoyan/avito-pr-test/internal/service/pr/create.go:70.16,72.3 1 0
github.com/Dokhoyan/avito-pr-test/internal/service/pr/create.go:73.2,74.16 2 0
github.com/Dokhoyan/avito-pr-test/internal/service/pr/create.go:74.16,75.47 1 0
github.com/Dokhoyan/avito-pr-test/internal/service/pr/create.go:75.47,77.4 1 0
github.com/Dokhoyan/avito-pr-test/internal/service/pr/create.go:79.3,79.54 1 0
github.com/Dokhoyan/avito-pr-test/internal/service/pr/create.go:82.2,82.16 1 0
github.com/Dokhoyan/avito-pr-test/internal/service/pr/create.go:85.95,87.16 2 0
github.com/Dokhoyan/avito-pr-test/internal/service/pr/create.go:87.16,89.3 1 0
github.com/Dokhoyan/avito-pr-test/internal/service/pr/create.go:91.2,91.26 1 0
github.com/Dokhoyan/avito-pr-test/internal/service/pr/create.go:91.26,93.3 1 0
github.com/Dokhoyan/avito-pr-test/internal/service/pr/create.go:94.2,94.43 1 0
github.com/Dokhoyan/avito-pr-test/internal/service/pr/create.go:94.43,96.17 2 0
github.com/Dokhoyan/avito-pr-test/internal/service/pr/create.go:96.17,98.4 1 0
github.com/Dokhoyan/avito-pr-test/internal/service/pr/create.go:99.3,100.62 2 0
github.com/Dokhoyan/avito-pr-test/internal/service/pr/create.go:103.2,106.36 3 0
github.com/Dokhoyan/avito-pr-test/internal/service/pr/create.go:106.36,108.3 1 0
github.com/Dokhoyan/avito-pr-test/internal/service/pr/create.go:110.2,110.25 1 0
github.com/Dokhoyan/avito-pr-test/internal/service/pr/merge.go:14.86,15.16 1 0
github.com/Dokhoyan/avito-pr-test/internal/service/pr/merge.go:15.16,17.3 1 0
github.com/Dokhoyan/avito-pr-test/internal/service/pr/merge.go:18.2,18.61 1 0
github.com/Dokhoyan/avito-pr-test/internal/service/pr/merge.go:18.61,20.17 2 0
github.com/Dokhoyan/avito-pr-test/internal/service/pr/merge.go:20.17,21.48 1 0
github.com/Dokhoyan/avito-pr-test/internal/service/pr/merge.go:21.48,23.5 1 0
github.com/Dokhoyan/avito-pr-test/internal/service/pr/merge.go:25.4,25.50 1 0
github.com/Dokhoyan/avito-pr-test/internal/service/pr/merge.go:27.3,27.16 1 0
github.com/Dokhoyan/avito-pr-test/internal/service/pr/merge.go:27.16,29.4 1 0
github.com/Dokhoyan/avito-pr-test/internal/service/pr/merge.go:30.3,30.40 1 0
github.com/Dokhoyan/avito-pr-test/internal/service/pr/merge.go:30.40,32.4 1 0
github.com/Dokhoyan/avito-pr-test/internal/service/pr/merge.go:33.3,34.17 2 0
github.com/Dokhoyan/avito-pr-test/internal/service/pr/merge.go:34.17,36.4 1 0
github.com/Dokhoyan/avito-pr-test/internal/service/pr/merge.go:38.3,38.13 1 0
github.com/Dokhoyan/avito-pr-test/internal/service/pr/merge.go:40.2,40.16 1 0
github.com/Dokhoyan/avito-pr-test/internal/service/pr/merge.go:40.16,42.3 1 0
github.com/Dokhoyan/avito-pr-test/internal/service/pr/merge.go:44.2,45.16 2 0
github.com/Dokhoyan/avito-pr-test/internal/service/pr/merge.go:45.16,47.3 1 0
github.com/Dokhoyan/avito-pr-test/internal/service/pr/merge.go:49.2,49.16 1 0
github.com/Dokhoyan/avito-pr-test/internal/service/pr/reassign.go:15.123,16.44 1 0
github.com/Dokhoyan/avito-pr-test/internal/service/pr/reassign.go:16.44,18.3 1 0
github.com/Dokhoyan/avito-pr-test/internal/service/pr/reassign.go:19.2,21.61 3 0
github.com/Dokhoyan/avito-pr-test/internal/service/pr/reassign.go:21.61,23.17 2 0
github.com/Dokhoyan/avito-pr-test/internal/service/pr/reassign.go:23.17,25.4 1 0
github.com/Dokhoyan/avito-pr-test/internal/service/pr/reassign.go:26.3,26.16 1 0
github.com/Dokhoyan/avito-pr-test/internal/service/pr/reassign.go:26.16,28.4 1 0
github.com/Dokhoyan/avito-pr-test/internal/service/pr/reassign.go:29.3,29.40 1 0
github.com/Dokhoyan/avito-pr-test/internal/service/pr/reassign.go:29.40,31.4 1 0
github.com/Dokhoyan/avito-pr-test/internal/service/pr/reassign.go:33.3,34.49 2 0
github.com/Dokhoyan/avito-pr-test/internal/service/pr/reassign.go:34.49,35.29 1 0
github.com/Dokhoyan/avito-pr-test/internal/service/pr/reassign.go:35.29,38.10 2 0
github.com/Dokhoyan/avito-pr-test/internal/service/pr/reassign.go:41.3,41.18 1 0
github.com/Dokhoyan/avito-pr-test/internal/service/pr/reassign.go:41.18,43.4 1 0
github.com/Dokhoyan/avito-pr-test/internal/service/pr/reassign.go:45.3,46.17 2 0
github.com/Dokhoyan/avito-pr-test/internal/service/pr/reassign.go:46.17,47.50 1 0
github.com/Dokhoyan/avito-pr-test/internal/service/pr/reassign.go:47.50,49.5 1 0
github.com/Dokhoyan/avito-pr-test/internal/service/pr/reassign.go:51.4,51.57 1 0
github.com/Dokhoyan/avito-pr-test/internal/service/pr/reassign.go:53.3,54.17 2 0
github.com/Dokhoyan/avito-pr-test/internal/service/pr/reassign.go:54.17,56.4 1 0
github.com/Dokhoyan/avito-pr-test/internal/service/pr/reassign.go:58.3,58.27 1 0
github.com/Dokhoyan/avito-pr-test/internal/service/pr/reassign.go:58.27,60.4 1 0
github.com/Dokhoyan/avito-pr-test/internal/service/pr/reassign.go:61.3,62.40 2 0
github.com/Dokhoyan/avito-pr-test/internal/service/pr/reassign.go:62.40,64.50 2 0
github.com/Dokhoyan/avito-pr-test/internal/service/pr/reassign.go:64.50,65.37 1 0
github.com/Dokhoyan/avito-pr-test/internal/service/pr/reassign.go:65.37,68.11 2 0
github.com/Dokhoyan/avito-pr-test/internal/service/pr/reassign.go:72.4,72.26 1 0
github.com/Dokhoyan/avito-pr-test/internal/service/pr/reassign.go:72.26,74.5 1 0
github.com/Dokhoyan/avito-pr-test/internal/service/pr/reassign.go:76.3,76.36 1 0
github.com/Dokhoyan/avito-pr-test/internal/service/pr/reassign.go:76.36,78.4 1 0
github.com/Dokhoyan/avito-pr-test/internal/service/pr/reassign.go:79.3,80.17 2 0
github.com/Dokhoyan/avito-pr-test/internal/service/pr/reassign.go:80.17,82.4 1 0
github.com/Dokhoyan/avito-pr-test/internal/service/pr/reassign.go:84.3,87.79 3 0
github.com/Dokhoyan/avito-pr-test/internal/service/pr/reassign.go:87.79,89.4 1 0
github.com/Dokhoyan/avito-pr-test/internal/service/pr/reassign.go:91.3,91.83 1 0
github.com/Dokhoyan/avito-pr-test/internal/service/pr/reassign.go:91.83,93.4 1 0
github.com/Dokhoyan/avito-pr-test/internal/service/pr/reassign.go:95.3,96.17 2 0
github.com/Dokhoyan/avito-pr-test/internal/service/pr/reassign.go:96.17,98.4 1 0
github.com/Dokhoyan/avito-pr-test/internal/service/pr/reassign.go:99.3,101.13 2 0
github.com/Dokhoyan/avito-pr-test/internal/service/pr/reassign.go:103.2,103.16 1 0
github.com/Dokhoyan/avito-pr-test/internal/service/pr/reassign.go:103.16,105.3 1 0
github.com/Dokhoyan/avito-pr-test/internal/service/pr/reassign.go:107.2,107.37 1 0
github.com/Dokhoyan/avito-pr-test/internal/service/pr/service.go:16.185,18.2 1 0
github.com/Dokhoyan/avito-pr-test/internal/service/pr/service.go:20.199,27.2 1 0
github.com/Dokhoyan/avito-pr-test/internal/service/stats/get.go:9.68,12.54 2 0
github.com/Dokhoyan/avito-pr-test/internal/service/stats/get.go:12.54,14.17 2 0
github.com/Dokhoyan/avito-pr-test/internal/service/stats/get.go:14.17,16.4 1 0
github.com/Dokhoyan/avito-pr-test/internal/service/stats/get.go:18.3,19.17 2 0
github.com/Dokhoyan/avito-pr-test/internal/service/stats/get.go:19.17,21.4 1 0
github.com/Dokhoyan/avito-pr-test/internal/service/stats/get.go:23.3,24.17 2 0
github.com/Dokhoyan/avito-pr-test/internal/service/stats/get.go:24.17,26.4 1 0
github.com/Dokhoyan/avito-pr-test/internal/service/stats/get.go:28.3,29.17 2 0
github.com/Dokhoyan/avito-pr-test/internal/service/stats/get.go:29.17,31.4 1 0
github.com/Dokhoyan/avito-pr-test/internal/service/stats/get.go:33.3,43.13 2 0
github.com/Dokhoyan/avito-pr-test/internal/service/stats/get.go:45.2,45.16 1 0
github.com/Dokhoyan/avito-pr-test/internal/service/stats/get.go:45.16,47.3 1 0
github.com/Dokhoyan/avito-pr-test/internal/service/stats/get.go:49.2,49.19 1 0
github.com/Dokhoyan/avito-pr-test/internal/service/stats/service.go:14.92,16.2 1 0
github.com/Dokhoyan/avito-pr-test/internal/service/stats/service.go:18.106,23.2 1 0
github.com/Dokhoyan/avito-pr-test/internal/service/team/create.go:12.125,13.20 1 0
github.com/Dokhoyan/avito-pr-test/internal/service/team/create.go:13.20,15.3 1 0
github.com/Dokhoyan/avito-pr-test/internal/service/team/create.go:16.2,16.23 1 0
github.com/Dokhoyan/avito-pr-test/internal/service/team/create.go:16.23,18.3 1 0
github.com/Dokhoyan/avito-pr-test/internal/service/team/create.go:20.2,20.61 1 0
github.com/Dokhoyan/avito-pr-test/internal/service/team/create.go:20.61,22.17 2 0
github.com/Dokhoyan/avito-pr-test/internal/service/team/create.go:22.17,24.4 1 0
github.com/Dokhoyan/avito-pr-test/internal/service/team/create.go:25.3,25.13 1 0
github.com/Dokhoyan/avito-pr-test/internal/service/team/create.go:25.13,27.4 1 0
github.com/Dokhoyan/avito-pr-test/internal/service/team/create.go:29.3,29.62 1 0
github.com/Dokhoyan/avito-pr-test/internal/service/team/create.go:29.62,31.4 1 0
github.com/Dokhoyan/avito-pr-test/internal/service/team/create.go:33.3,33.34 1 0
github.com/Dokhoyan/avito-pr-test/internal/service/team/create.go:33.34,34.52 1 0
github.com/Dokhoyan/avito-pr-test/internal/service/team/create.go:34.52,36.5 1 0
github.com/Dokhoyan/avito-pr-test/internal/service/team/create.go:38.4,38.79 1 0
github.com/Dokhoyan/avito-pr-test/internal/service/team/create.go:38.79,40.5 1 0
github.com/Dokhoyan/avito-pr-test/internal/service/team/create.go:43.3,43.13 1 0
github.com/Dokhoyan/avito-pr-test/internal/service/team/create.go:45.2,45.16 1 0
github.com/Dokhoyan/avito-pr-test/internal/service/team/create.go:45.16,47.3 1 0
github.com/Dokhoyan/avito-pr-test/internal/service/team/create.go:49.2,49.53 1 0
github.com/Dokhoyan/avito-pr-test/internal/service/team/get.go:13.83,14.20 1 0
github.com/Dokhoyan/avito-pr-test/internal/service/team/get.go:14.20,16.3 1 0
github.com/Dokhoyan/avito-pr-test/internal/service/team/get.go:18.2,19.16 2 0
github.com/Dokhoyan/avito-pr-test/internal/service/team/get.go:19.16,20.49 1 0
github.com/Dokhoyan/avito-pr-test/internal/service/team/get.go:20.49,22.4 1 0
github.com/Dokhoyan/avito-pr-test/internal/service/team/get.go:24.3,24.69 1 0
github.com/Dokhoyan/avito-pr-test/internal/service/team/get.go:27.2,27.18 1 0
github.com/Dokhoyan/avito-pr-test/internal/service/team/service.go:15.137,17.2 1 0
github.com/Dokhoyan/avito-pr-test/internal/service/team/service.go:19.151,25.2 1 0
github.com/Dokhoyan/avito-pr-test/internal/service/testutil/trm.go:14.55,19.80 2 0
github.com/Dokhoyan/avito-pr-test/internal/service/testutil/trm.go:19.80,21.4 1 0
github.com/Dokhoyan/avito-pr-test/internal/service/testutil/trm.go:23.2,23.22 1 0
github.com/Dokhoyan/avito-pr-test/internal/service/user/getUserReviews.go:13.102,14.18 1 0
github.com/Dokhoyan/avito-pr-test/internal/service/user/getUserReviews.go:14.18,16.3 1 0
github.com/Dokhoyan/avito-pr-test/internal/service/user/getUserReviews.go:18.2,19.16 2 0
github.com/Dokhoyan/avito-pr-test/internal/service/user/getUserReviews.go:19.16,20.49 1 0
github.com/Dokhoyan/avito-pr-test/internal/service/user/getUserReviews.go:20.49,22.4 1 0
github.com/Dokhoyan/avito-pr-test/internal/service/user/getUserReviews.go:24.3,24.56 1 0
github.com/Dokhoyan/avito-pr-test/internal/service/user/getUserReviews.go:27.2,27.17 1 0
github.com/Dokhoyan/avito-pr-test/internal/service/user/getUserReviews.go:27.17,29.3 1 0
github.com/Dokhoyan/avito-pr-test/internal/service/user/getUserReviews.go:31.2,32.16 2 0
github.com/Dokhoyan/avito-pr-test/internal/service/user/getUserReviews.go:32.16,34.3 1 0
github.com/Dokhoyan/avito-pr-test/internal/service/user/getUserReviews.go:36.2,36.25 1 0
github.com/Dokhoyan/avito-pr-test/internal/service/user/getUserReviews.go:36.25,38.3 1 0
github.com/Dokhoyan/avito-pr-test/internal/service/user/getUserReviews.go:40.2,40.26 1 0
github.com/Dokhoyan/avito-pr-test/internal/service/user/service.go:14.101,16.2 1 0
github.com/Dokhoyan/avito-pr-test/internal/service/user/service.go:18.115,23.2 1 0
github.com/Dokhoyan/avito-pr-test/internal/service/user/setUserStatus.go:13.105,14.18 1 0
github.com/Dokhoyan/avito-pr-test/internal/service/user/setUserStatus.go:14.18,16.3 1 0
github.com/Dokhoyan/avito-pr-test/internal/service/user/setUserStatus.go:17.2,17.61 1 0
github.com/Dokhoyan/avito-pr-test/internal/service/user/setUserStatus.go:17.61,19.17 2 0
github.com/Dokhoyan/avito-pr-test/internal/service/user/setUserStatus.go:19.17,20.50 1 0
github.com/Dokhoyan/avito-pr-test/internal/service/user/setUserStatus.go:20.50,22.5 1 0
github.com/Dokhoyan/avito-pr-test/internal/service/user/setUserStatus.go:24.4,24.62 1 0
github.com/Dokhoyan/avito-pr-test/internal/service/user/setUserStatus.go:27.3,27.13 1 0
github.com/Dokhoyan/avito-pr-test/internal/service/user/setUserStatus.go:29.2,29.16 1 0
github.com/Dokhoyan/avito-pr-test/internal/service/user/setUserStatus.go:29.16,31.3 1 0
github.com/Dokhoyan/avito-pr-test/internal/service/user/setUserStatus.go:32.2,33.16 2 0
github.com/Dokhoyan/avito-pr-test/internal/service/user/setUserStatus.go:33.16,35.3 1 0
github.com/Dokhoyan/avito-pr-test/internal/service/user/setUserStatus.go:37.2,37.18 1 0
