mode: atomic
github.com/Dokhoyan/avito-pr-test/internal/http-server/handlers/pr/create.go:20.73,21.33 1 0
github.com/Dokhoyan/avito-pr-test/internal/http-server/handlers/pr/create.go:21.33,37.3 5 0
github.com/Dokhoyan/avito-pr-test/internal/http-server/handlers/pr/create.go:39.2,41.61 2 0
github.com/Dokhoyan/avito-pr-test/internal/http-server/handlers/pr/create.go:41.61,58.3 5 0
github.com/Dokhoyan/avito-pr-test/internal/http-server/handlers/pr/create.go:60.2,66.16 3 0
github.com/Dokhoyan/avito-pr-test/internal/http-server/handlers/pr/create.go:66.16,67.10 1 0
github.com/Dokhoyan/avito-pr-test/internal/http-server/handlers/pr/create.go:68.44,81.8 4 0
github.com/Dokhoyan/avito-pr-test/internal/http-server/handlers/pr/create.go:82.48,95.8 4 0
github.com/Dokhoyan/avito-pr-test/internal/http-server/handlers/pr/create.go:96.48,109.8 4 0
github.com/Dokhoyan/avito-pr-test/internal/http-server/handlers/pr/create.go:110.48,123.8 4 0
github.com/Dokhoyan/avito-pr-test/internal/http-server/handlers/pr/create.go:124.11,137.6 4 0
github.com/Dokhoyan/avito-pr-test/internal/http-server/handlers/pr/create.go:140.3,140.9 1 0
github.com/Dokhoyan/avito-pr-test/internal/http-server/handlers/pr/create.go:143.2,147.4 3 0
github.com/Dokhoyan/avito-pr-test/internal/http-server/handlers/pr/merge.go:18.72,19.33 1 0
github.com/Dokhoyan/avito-pr-test/internal/http-server/handlers/pr/merge.go:19.33,35.3 5 0
github.com/Dokhoyan/avito-pr-test/internal/http-server/handlers/pr/merge.go:37.2,39.61 2 0
github.com/Dokhoyan/avito-pr-test/internal/http-server/handlers/pr/merge.go:39.61,56.3 5 0
github.com/Dokhoyan/avito-pr-test/internal/http-server/handlers/pr/merge.go:58.2,62.16 3 0
github.com/Dokhoyan/avito-pr-test/internal/http-server/handlers/pr/merge.go:62.16,63.44 1 0
github.com/Dokhoyan/avito-pr-test/internal/http-server/handlers/pr/merge.go:63.44,78.4 5 0
github.com/Dokhoyan/avito-pr-test/internal/http-server/handlers/pr/merge.go:79.3,93.9 5 0
github.com/Dokhoyan/avito-pr-test/internal/http-server/handlers/pr/merge.go:96.2,100.4 3 0
github.com/Dokhoyan/avito-pr-test/internal/http-server/handlers/pr/reassign.go:19.75,20.33 1 0
github.com/Dokhoyan/avito-pr-test/internal/http-server/handlers/pr/reassign.go:20.33,36.3 5 0
github.com/Dokhoyan/avito-pr-test/internal/http-server/handlers/pr/reassign.go:38.2,40.61 2 0
github.com/Dokhoyan/avito-pr-test/internal/http-server/handlers/pr/reassign.go:40.61,57.3 5 0
github.com/Dokhoyan/avito-pr-test/internal/http-server/handlers/pr/reassign.go:59.2,64.16 3 0
github.com/Dokhoyan/avito-pr-test/internal/http-server/handlers/pr/reassign.go:64.16,65.10 1 0
github.com/Dokhoyan/avito-pr-test/internal/http-server/handlers/pr/reassign.go:66.46,80.6 4 0
github.com/Dokhoyan/avito-pr-test/internal/http-server/handlers/pr/reassign.go:81.48,94.6 4 0
github.com/Dokhoyan/avito-pr-test/internal/http-server/handlers/pr/reassign.go:95.44,109.6 4 0
github.com/Dokhoyan/avito-pr-test/internal/http-server/handlers/pr/reassign.go:110.47,124.6 4 0
github.com/Dokhoyan/avito-pr-test/internal/http-server/handlers/pr/reassign.go:125.47,140.6 4 0
github.com/Dokhoyan/avito-pr-test/internal/http-server/handlers/pr/reassign.go:141.47,155.6 4 0
github.com/Dokhoyan/avito-pr-test/internal/http-server/handlers/pr/reassign.go:156.11,169.6 4 0
github.com/Dokhoyan/avito-pr-test/internal/http-server/handlers/pr/reassign.go:172.3,172.9 1 0
github.com/Dokhoyan/avito-pr-test/internal/http-server/handlers/pr/reassign.go:175.2,180.4 3 0
github.com/Dokhoyan/avito-pr-test/internal/http-server/handlers/pr/service.go:13.61,17.2 1 0
github.com/Dokhoyan/avito-pr-test/internal/http-server/handlers/pr/service.go:19.61,23.2 3 0
github.com/Dokhoyan/avito-pr-test/internal/http-server/handlers/stats/get.go:12.75,13.32 1 0
github.com/Dokhoyan/avito-pr-test/internal/http-server/handlers/stats/get.go:13.32,29.3 5 0
github.com/Dokhoyan/avito-pr-test/internal/http-server/handlers/stats/get.go:31.2,32.16 2 0
github.com/Dokhoyan/avito-pr-test/internal/http-server/handlers/stats/get.go:32.16,46.3 5 0
github.com/Dokhoyan/avito-pr-test/internal/http-server/handlers/stats/get.go:48.2,50.34 3 0
github.com/Dokhoyan/avito-pr-test/internal/http-server/handlers/stats/service.go:13.64,15.2 1 0
github.com/Dokhoyan/avito-pr-test/internal/http-server/handlers/stats/service.go:17.61,19.2 1 0
github.com/Dokhoyan/avito-pr-test/internal/http-server/handlers/team/create.go:19.77,20.33 1 0
github.com/Dokhoyan/avito-pr-test/internal/http-server/handlers/team/create.go:20.33,36.3 5 0
github.com/Dokhoyan/avito-pr-test/internal/http-server/handlers/team/create.go:38.2,40.61 2 0
github.com/Dokhoyan/avito-pr-test/internal/http-server/handlers/team/create.go:40.61,57.3 5 0
github.com/Dokhoyan/avito-pr-test/internal/http-server/handlers/team/create.go:59.2,64.16 3 0
github.com/Dokhoyan/avito-pr-test/internal/http-server/handlers/team/create.go:64.16,65.44 1 0
github.com/Dokhoyan/avito-pr-test/internal/http-server/handlers/team/create.go:65.44,81.4 5 0
github.com/Dokhoyan/avito-pr-test/internal/http-server/handlers/team/create.go:82.3,95.9 5 0
github.com/Dokhoyan/avito-pr-test/internal/http-server/handlers/team/create.go:98.2,102.4 3 0
github.com/Dokhoyan/avito-pr-test/internal/http-server/handlers/team/get.go:18.74,19.32 1 0
github.com/Dokhoyan/avito-pr-test/internal/http-server/handlers/team/get.go:19.32,35.3 5 0
github.com/Dokhoyan/avito-pr-test/internal/http-server/handlers/team/get.go:37.2,40.24 3 0
github.com/Dokhoyan/avito-pr-test/internal/http-server/handlers/team/get.go:40.24,55.3 5 0
github.com/Dokhoyan/avito-pr-test/internal/http-server/handlers/team/get.go:57.2,61.16 3 0
github.com/Dokhoyan/avito-pr-test/internal/http-server/handlers/team/get.go:61.16,62.46 1 0
github.com/Dokhoyan/avito-pr-test/internal/http-server/handlers/team/get.go:62.46,77.4 5 0
github.com/Dokhoyan/avito-pr-test/internal/http-server/handlers/team/get.go:78.3,91.9 5 0
github.com/Dokhoyan/avito-pr-test/internal/http-server/handlers/team/get.go:94.2,96.33 3 0
github.com/Dokhoyan/avito-pr-test/internal/http-server/handlers/team/srevice.go:13.63,17.2 1 0
github.com/Dokhoyan/avito-pr-test/internal/http-server/handlers/team/srevice.go:19.61,22.2 2 0
github.com/Dokhoyan/avito-pr-test/internal/http-server/handlers/testutil/logger.go:12.23,19.2 2 0
github.com/Dokhoyan/avito-pr-test/internal/http-server/handlers/user/getUserReviews.go:18.76,19.32 1 0
github.com/Dokhoyan/avito-pr-test/internal/http-server/handlers/user/getUserReviews.go:19.32,35.3 5 0
github.com/Dokhoyan/avito-pr-test/internal/http-server/handlers/user/getUserReviews.go:37.2,40.22 3 0
github.com/Dokhoyan/avito-pr-test/internal/http-server/handlers/user/getUserReviews.go:40.22,55.3 5 0
github.com/Dokhoyan/avito-pr-test/internal/http-server/handlers/user/getUserReviews.go:57.2,61.16 3 0
github.com/Dokhoyan/avito-pr-test/internal/http-server/handlers/user/getUserReviews.go:61.16,62.46 1 0
github.com/Dokhoyan/avito-pr-test/internal/http-server/handlers/user/getUserReviews.go:62.46,77.4 5 0
github.com/Dokhoyan/avito-pr-test/internal/http-server/handlers/user/getUserReviews.go:78.3,91.9 5 0
github.com/Dokhoyan/avito-pr-test/internal/http-server/handlers/user/getUserReviews.go:94.2,99.4 3 0
github.com/Dokhoyan/avito-pr-test/internal/http-server/handlers/user/service.go:13.63,17.2 1 0
github.com/Dokhoyan/avito-pr-test/internal/http-server/handlers/user/service.go:19.61,22.2 2 0
github.com/Dokhoyan/avito-pr-test/internal/http-server/handlers/user/setUserStatus.go:19.80,20.33 1 0
github.com/Dokhoyan/avito-pr-test/internal/http-server/handlers/user/setUserStatus.go:20.33,36.3 5 0
github.com/Dokhoyan/avito-pr-test/internal/http-server/handlers/user/setUserStatus.go:38.2,40.61 2 0
github.com/Dokhoyan/avito-pr-test/internal/http-server/handlers/user/setUserStatus.go:40.61,57.3 5 0
github.com/Dokhoyan/avito-pr-test/internal/http-server/handlers/user/setUserStatus.go:59.2,64.16 3 0
github.com/Dokhoyan/avito-pr-test/internal/http-server/handlers/user/setUserStatus.go:64.16,65.46 1 0
github.com/Dokhoyan/avito-pr-test/internal/http-server/handlers/user/setUserStatus.go:65.46,81.4 5 0
github.com/Dokhoyan/avito-pr-test/internal/http-server/handlers/user/setUserStatus.go:82.3,95.9 5 0
github.com/Dokhoyan/avito-pr-test/internal/http-server/handlers/user/setUserStatus.go:98.2,102.4 3 0
github.com/Dokhoyan/avito-pr-test/internal/http-server/handlers/pr/create.go:20.73,21.33 1 5
github.com/Dokhoyan/avito-pr-test/internal/http-server/handlers/pr/create.go:21.33,37.3 5 1
github.com/Dokhoyan/avito-pr-test/internal/http-server/handlers/pr/create.go:39.2,41.61 2 4
github.com/Dokhoyan/avito-pr-test/internal/http-server/handlers/pr/create.go:41.61,58.3 5 1
github.com/Dokhoyan/avito-pr-test/internal/http-server/handlers/pr/create.go:60.2,66.16 3 3
github.com/Dokhoyan/avito-pr-test/internal/http-server/handlers/pr/create.go:66.16,67.10 1 2
github.com/Dokhoyan/avito-pr-test/internal/http-server/handlers/pr/create.go:68.44,81.8 4 1
github.com/Dokhoyan/avito-pr-test/internal/http-server/handlers/pr/create.go:82.48,95.8 4 1
github.com/Dokhoyan/avito-pr-test/internal/http-server/handlers/pr/create.go:96.48,109.8 4 0
github.com/Dokhoyan/avito-pr-test/internal/http-server/handlers/pr/create.go:110.48,123.8 4 0
github.com/Dokhoyan/avito-pr-test/internal/http-server/handlers/pr/create.go:124.11,137.6 4 0
github.com/Dokhoyan/avito-pr-test/internal/http-server/handlers/pr/create.go:140.3,140.9 1 2
github.com/Dokhoyan/avito-pr-test/internal/http-server/handlers/pr/create.go:143.2,147.4 3 1
github.com/Dokhoyan/avito-pr-test/internal/http-server/handlers/pr/merge.go:18.72,19.33 1 4
github.com/Dokhoyan/avito-pr-test/internal/http-server/handlers/pr/merge.go:19.33,35.3 5 1
github.com/Dokhoyan/avito-pr-test/internal/http-server/handlers/pr/merge.go:37.2,39.61 2 3
github.com/Dokhoyan/avito-pr-test/internal/http-server/handlers/pr/merge.go:39.61,56.3 5 1
github.com/Dokhoyan/avito-pr-test/internal/http-server/handlers/pr/merge.go:58.2,62.16 3 2
github.com/Dokhoyan/avito-pr-test/internal/http-server/handlers/pr/merge.go:62.16,63.44 1 1
github.com/Dokhoyan/avito-pr-test/internal/http-server/handlers/pr/merge.go:63.44,78.4 5 1
github.com/Dokhoyan/avito-pr-test/internal/http-server/handlers/pr/merge.go:79.3,93.9 5 0
github.com/Dokhoyan/avito-pr-test/internal/http-server/handlers/pr/merge.go:96.2,100.4 3 1
github.com/Dokhoyan/avito-pr-test/internal/http-server/handlers/pr/reassign.go:19.75,20.33 1 5
github.com/Dokhoyan/avito-pr-test/internal/http-server/handlers/pr/reassign.go:20.33,36.3 5 1
github.com/Dokhoyan/avito-pr-test/internal/http-server/handlers/pr/reassign.go:38.2,40.61 2 4
github.com/Dokhoyan/avito-pr-test/internal/http-server/handlers/pr/reassign.go:40.61,57.3 5 1
github.com/Dokhoyan/avito-pr-test/internal/http-server/handlers/pr/reassign.go:59.2,64.16 3 3
github.com/Dokhoyan/avito-pr-test/internal/http-server/handlers/pr/reassign.go:64.16,65.10 1 2
github.com/Dokhoyan/avito-pr-test/internal/http-server/handlers/pr/reassign.go:66.46,80.6 4 1
github.com/Dokhoyan/avito-pr-test/internal/http-server/handlers/pr/reassign.go:81.48,94.6 4 0
github.com/Dokhoyan/avito-pr-test/internal/http-server/handlers/pr/reassign.go:95.44,109.6 4 0
github.com/Dokhoyan/avito-pr-test/internal/http-server/handlers/pr/reassign.go:110.47,124.6 4 1
github.com/Dokhoyan/avito-pr-test/internal/http-server/handlers/pr/reassign.go:125.47,140.6 4 0
github.com/Dokhoyan/avito-pr-test/internal/http-server/handlers/pr/reassign.go:141.47,155.6 4 0
github.com/Dokhoyan/avito-pr-test/internal/http-server/handlers/pr/reassign.go:156.11,169.6 4 0
github.com/Dokhoyan/avito-pr-test/internal/http-server/handlers/pr/reassign.go:172.3,172.9 1 2
github.com/Dokhoyan/avito-pr-test/internal/http-server/handlers/pr/reassign.go:175.2,180.4 3 1
github.com/Dokhoyan/avito-pr-test/internal/http-server/handlers/pr/service.go:13.61,17.2 1 14
github.com/Dokhoyan/avito-pr-test/internal/http-server/handlers/pr/service.go:19.61,23.2 3 0
github.com/Dokhoyan/avito-pr-test/internal/http-server/handlers/stats/get.go:12.75,13.32 1 0
github.com/Dokhoyan/avito-pr-test/internal/http-server/handlers/stats/get.go:13.32,29.3 5 0
github.com/Dokhoyan/avito-pr-test/internal/http-server/handlers/stats/get.go:31.2,32.16 2 0
github.com/Dokhoyan/avito-pr-test/internal/http-server/handlers/stats/get.go:32.16,46.3 5 0
github.com/Dokhoyan/avito-pr-test/internal/http-server/handlers/stats/get.go:48.2,50.34 3 0
github.com/Dokhoyan/avito-pr-test/internal/http-server/handlers/stats/service.go:13.64,15.2 1 0
github.com/Dokhoyan/avito-pr-test/internal/http-server/handlers/stats/service.go:17.61,19.2 1 0
github.com/Dokhoyan/avito-pr-test/internal/http-server/handlers/team/create.go:19.77,20.33 1 0
github.com/Dokhoyan/avito-pr-test/internal/http-server/handlers/team/create.go:20.33,36.3 5 0
github.com/Dokhoyan/avito-pr-test/internal/http-server/handlers/team/create.go:38.2,40.61 2 0
github.com/Dokhoyan/avito-pr-test/internal/http-server/handlers/team/create.go:40.61,57.3 5 0
github.com/Dokhoyan/avito-pr-test/internal/http-server/handlers/team/create.go:59.2,64.16 3 0
github.com/Dokhoyan/avito-pr-test/internal/http-server/handlers/team/create.go:64.16,65.44 1 0
github.com/Dokhoyan/avito-pr-test/internal/http-server/handlers/team/create.go:65.44,81.4 5 0
github.com/Dokhoyan/avito-pr-test/internal/http-server/handlers/team/create.go:82.3,95.9 5 0
github.com/Dokhoyan/avito-pr-test/internal/http-server/handlers/team/create.go:98.2,102.4 3 0
github.com/Dokhoyan/avito-pr-test/internal/http-server/handlers/team/get.go:18.74,19.32 1 0
github.com/Dokhoyan/avito-pr-test/internal/http-server/handlers/team/get.go:19.32,35.3 5 0
github.com/Dokhoyan/avito-pr-test/internal/http-server/handlers/team/get.go:37.2,40.24 3 0
github.com/Dokhoyan/avito-pr-test/internal/http-server/handlers/team/get.go:40.24,55.3 5 0
github.com/Dokhoyan/avito-pr-test/internal/http-server/handlers/team/get.go:57.2,61.16 3 0
github.com/Dokhoyan/avito-pr-test/internal/http-server/handlers/team/get.go:61.16,62.46 1 0
github.com/Dokhoyan/avito-pr-test/internal/http-server/handlers/team/get.go:62.46,77.4 5 0
github.com/Dokhoyan/avito-pr-test/internal/http-server/handlers/team/get.go:78.3,91.9 5 0
github.com/Dokhoyan/avito-pr-test/internal/http-server/handlers/team/get.go:94.2,96.33 3 0
github.com/Dokhoyan/avito-pr-test/internal/http-server/handlers/team/srevice.go:13.63,17.2 1 0
github.com/Dokhoyan/avito-pr-test/internal/http-server/handlers/team/srevice.go:19.61,22.2 2 0
github.com/Dokhoyan/avito-pr-test/internal/http-server/handlers/testutil/logger.go:12.23,19.2 2 3
github.com/Dokhoyan/avito-pr-test/internal/http-server/handlers/user/getUserReviews.go:18.76,19.32 1 0
github.com/Dokhoyan/avito-pr-test/internal/http-server/handlers/user/getUserReviews.go:19.32,35.3 5 0
github.com/Dokhoyan/avito-pr-test/internal/http-server/handlers/user/getUserReviews.go:37.2,40.22 3 0
github.com/Dokhoyan/avito-pr-test/internal/http-server/handlers/user/getUserReviews.go:40.22,55.3 5 0
github.com/Dokhoyan/avito-pr-test/internal/http-server/handlers/user/getUserReviews.go:57.2,61.16 3 0
github.com/Dokhoyan/avito-pr-test/internal/http-server/handlers/user/getUserReviews.go:61.16,62.46 1 0
github.com/Dokhoyan/avito-pr-test/internal/http-server/handlers/user/getUserReviews.go:62.46,77.4 5 0
github.com/Dokhoyan/avito-pr-test/internal/http-server/handlers/user/getUserReviews.go:78.3,91.9 5 0
github.com/Dokhoyan/avito-pr-test/internal/http-server/handlers/user/getUserReviews.go:94.2,99.4 3 0
github.com/Dokhoyan/avito-pr-test/internal/http-server/handlers/user/service.go:13.63,17.2 1 0
github.com/Dokhoyan/avito-pr-test/internal/http-server/handlers/user/service.go:19.61,22.2 2 0
github.com/Dokhoyan/avito-pr-test/internal/http-server/handlers/user/setUserStatus.go:19.80,20.33 1 0
github.com/Dokhoyan/avito-pr-test/internal/http-server/handlers/user/setUserStatus.go:20.33,36.3 5 0
github.com/Dokhoyan/avito-pr-test/internal/http-server/handlers/user/setUserStatus.go:38.2,40.61 2 0
github.com/Dokhoyan/avito-pr-test/internal/http-server/handlers/user/setUserStatus.go:40.61,57.3 5 0
github.com/Dokhoyan/avito-pr-test/internal/http-server/handlers/user/setUserStatus.go:59.2,64.16 3 0
github.com/Dokhoyan/avito-pr-test/internal/http-server/handlers/user/setUserStatus.go:64.16,65.46 1 0
github.com/Dokhoyan/avito-pr-test/internal/http-server/handlers/user/setUserStatus.go:65.46,81.4 5 0
github.com/Dokhoyan/avito-pr-test/internal/http-server/handlers/user/setUserStatus.go:82.3,95.9 5 0
github.com/Dokhoyan/avito-pr-test/internal/http-server/handlers/user/setUserStatus.go:98.2,102.4 3 0
github.com/Dokhoyan/avito-pr-test/internal/http-server/handlers/pr/create.go:20.73,21.33 1 0
github.com/Dokhoyan/avito-pr-test/internal/http-server/handlers/pr/create.go:21.33,37.3 5 0
github.com/Dokhoyan/avito-pr-test/internal/http-server/handlers/pr/create.go:39.2,41.61 2 0
github.com/Dokhoyan/avito-pr-test/internal/http-server/handlers/pr/create.go:41.61,58.3 5 0
github.com/Dokhoyan/avito-pr-test/internal/http-server/handlers/pr/create.go:60.2,66.16 3 0
github.com/Dokhoyan/avito-pr-test/internal/http-server/handlers/pr/create.go:66.16,67.10 1 0
github.com/Dokhoyan/avito-pr-test/internal/http-server/handlers/pr/create.go:68.44,81.8 4 0
github.com/Dokhoyan/avito-pr-test/internal/http-server/handlers/pr/create.go:82.48,95.8 4 0
github.com/Dokhoyan/avito-pr-test/internal/http-server/handlers/pr/create.go:96.48,109.8 4 0
github.com/Dokhoyan/avito-pr-test/internal/http-server/handlers/pr/create.go:110.48,123.8 4 0
github.com/Dokhoyan/avito-pr-test/internal/http-server/handlers/pr/create.go:124.11,137.6 4 0
github.com/Dokhoyan/avito-pr-test/internal/http-server/handlers/pr/create.go:140.3,140.9 1 0
github.com/Dokhoyan/avito-pr-test/internal/http-server/handlers/pr/create.go:143.2,147.4 3 0
github.com/Dokhoyan/avito-pr-test/internal/http-server/handlers/pr/merge.go:18.72,19.33 1 0
github.com/Dokhoyan/avito-pr-test/internal/http-server/handlers/pr/merge.go:19.33,35.3 5 0
github.com/Dokhoyan/avito-pr-test/internal/http-server/handlers/pr/merge.go:37.2,39.61 2 0
github.com/Dokhoyan/avito-pr-test/internal/http-server/handlers/pr/merge.go:39.61,56.3 5 0
github.com/Dokhoyan/avito-pr-test/internal/http-server/handlers/pr/merge.go:58.2,62.16 3 0
github.com/Dokhoyan/avito-pr-test/internal/http-server/handlers/pr/merge.go:62.16,63.44 1 0
github.com/Dokhoyan/avito-pr-test/internal/http-server/handlers/pr/merge.go:63.44,78.4 5 0
github.com/Dokhoyan/avito-pr-test/internal/http-server/handlers/pr/merge.go:79.3,93.9 5 0
github.com/Dokhoyan/avito-pr-test/internal/http-server/handlers/pr/merge.go:96.2,100.4 3 0
github.com/Dokhoyan/avito-pr-test/internal/http-server/handlers/pr/reassign.go:19.75,20.33 1 0
github.com/Dokhoyan/avito-pr-test/internal/http-server/handlers/pr/reassign.go:20.33,36.3 5 0
github.com/Dokhoyan/avito-pr-test/internal/http-server/handlers/pr/reassign.go:38.2,40.61 2 0
github.com/Dokhoyan/avito-pr-test/internal/http-server/handlers/pr/reassign.go:40.61,57.3 5 0
github.com/Dokhoyan/avito-pr-test/internal/http-server/handlers/pr/reassign.go:59.2,64.16 3 0
github.com/Dokhoyan/avito-pr-test/internal/http-server/handlers/pr/reassign.go:64.16,65.10 1 0
github.com/Dokhoyan/avito-pr-test/internal/http-server/handlers/pr/reassign.go:66.46,80.6 4 0
github.com/Dokhoyan/avito-pr-test/internal/http-server/handlers/pr/reassign.go:81.48,94.6 4 0
github.com/Dokhoyan/avito-pr-test/internal/http-server/handlers/pr/reassign.go:95.44,109.6 4 0
github.com/Dokhoyan/avito-pr-test/internal/http-server/handlers/pr/reassign.go:110.47,124.6 4 0
github.com/Dokhoyan/avito-pr-test/internal/http-server/handlers/pr/reassign.go:125.47,140.6 4 0
github.com/Dokhoyan/avito-pr-test/internal/http-server/handlers/pr/reassign.go:141.47,155.6 4 0
github.com/Dokhoyan/avito-pr-test/internal/http-server/handlers/pr/reassign.go:156.11,169.6 4 0
github.com/Dokhoyan/avito-pr-test/internal/http-server/handlers/pr/reassign.go:172.3,172.9 1 0
github.com/Dokhoyan/avito-pr-test/internal/http-server/handlers/pr/reassign.go:175.2,180.4 3 0
github.com/Dokhoyan/avito-pr-test/internal/http-server/handlers/pr/service.go:13.61,17.2 1 0
github.com/Dokhoyan/avito-pr-test/internal/http-server/handlers/pr/service.go:19.61,23.2 3 0
github.com/Dokhoyan/avito-pr-test/internal/http-server/handlers/stats/get.go:12.75,13.32 1 2
github.com/Dokhoyan/avito-pr-test/internal/http-server/handlers/stats/get.go:13.32,29.3 5 1
github.com/Dokhoyan/avito-pr-test/internal/http-server/handlers/stats/get.go:31.2,32.16 2 1
github.com/Dokhoyan/avito-pr-test/internal/http-server/handlers/stats/get.go:32.16,46.3 5 0
github.com/Dokhoyan/avito-pr-test/internal/http-server/handlers/stats/get.go:48.2,50.34 3 1
github.com/Dokhoyan/avito-pr-test/internal/http-server/handlers/stats/service.go:13.64,15.2 1 2
github.com/Dokhoyan/avito-pr-test/internal/http-server/handlers/stats/service.go:17.61,19.2 1 0
github.com/Dokhoyan/avito-pr-test/internal/http-server/handlers/team/create.go:19.77,20.33 1 0
github.com/Dokhoyan/avito-pr-test/internal/http-server/handlers/team/create.go:20.33,36.3 5 0
github.com/Dokhoyan/avito-pr-test/internal/http-server/handlers/team/create.go:38.2,40.61 2 0
github.com/Dokhoyan/avito-pr-test/internal/http-server/handlers/team/create.go:40.61,57.3 5 0
github.com/Dokhoyan/avito-pr-test/internal/http-server/handlers/team/create.go:59.2,64.16 3 0
github.com/Dokhoyan/avito-pr-test/internal/http-server/handlers/team/create.go:64.16,65.44 1 0
github.com/Dokhoyan/avito-pr-test/internal/http-server/handlers/team/create.go:65.44,81.4 5 0
github.com/Dokhoyan/avito-pr-test/internal/http-server/handlers/team/create.go:82.3,95.9 5 0
github.com/Dokhoyan/avito-pr-test/internal/http-server/handlers/team/create.go:98.2,102.4 3 0
github.com/Dokhoyan/avito-pr-test/internal/http-server/handlers/team/get.go:18.74,19.32 1 0
github.com/Dokhoyan/avito-pr-test/internal/http-server/handlers/team/get.go:19.32,35.3 5 0
github.com/Dokhoyan/avito-pr-test/internal/http-server/handlers/team/get.go:37.2,40.24 3 0
github.com/Dokhoyan/avito-pr-test/internal/http-server/handlers/team/get.go:40.24,55.3 5 0
github.com/Dokhoyan/avito-pr-test/internal/http-server/handlers/team/get.go:57.2,61.16 3 0
github.com/Dokhoyan/avito-pr-test/internal/http-server/handlers/team/get.go:61.16,62.46 1 0
github.com/Dokhoyan/avito-pr-test/internal/http-server/handlers/team/get.go:62.46,77.4 5 0
github.com/Dokhoyan/avito-pr-test/internal/http-server/handlers/team/get.go:78.3,91.9 5 0
github.com/Dokhoyan/avito-pr-test/internal/http-server/handlers/team/get.go:94.2,96.33 3 0
github.com/Dokhoyan/avito-pr-test/internal/http-server/handlers/team/srevice.go:13.63,17.2 1 0
github.com/Dokhoyan/avito-pr-test/internal/http-server/handlers/team/srevice.go:19.61,22.2 2 0
github.com/Dokhoyan/avito-pr-test/internal/http-server/handlers/testutil/logger.go:12.23,19.2 2 1
github.com/Dokhoyan/avito-pr-test/internal/http-server/handlers/user/getUserReviews.go:18.76,19.32 1 0
github.com/Dokhoyan/avito-pr-test/internal/http-server/handlers/user/getUserReviews.go:19.32,35.3 5 0
github.com/Dokhoyan/avito-pr-test/internal/http-server/handlers/user/getUserReviews.go:37.2,40.22 3 0
github.com/Dokhoyan/avito-pr-test/internal/http-server/handlers/user/getUserReviews.go:40.22,55.3 5 0
github.com/Dokhoyan/avito-pr-test/internal/http-server/handlers/user/getUserReviews.go:57.2,61.16 3 0
github.com/Dokhoyan/avito-pr-test/internal/http-server/handlers/user/getUserReviews.go:61.16,62.46 1 0
github.com/Dokhoyan/avito-pr-test/internal/http-server/handlers/user/getUserReviews.go:62.46,77.4 5 0
github.com/Dokhoyan/avito-pr-test/internal/http-server/handlers/user/getUserReviews.go:78.3,91.9 5 0
github.com/Dokhoyan/avito-pr-test/internal/http-server/handlers/user/getUserReviews.go:94.2,99.4 3 0
github.com/Dokhoyan/avito-pr-test/internal/http-server/handlers/user/service.go:13.63,17.2 1 0
github.com/Dokhoyan/avito-pr-test/internal/http-server/handlers/user/service.go:19.61,22.2 2 0
github.com/Dokhoyan/avito-pr-test/internal/http-server/handlers/user/setUserStatus.go:19.80,20.33 1 0
github.com/Dokhoyan/avito-pr-test/internal/http-server/handlers/user/setUserStatus.go:20.33,36.3 5 0
github.com/Dokhoyan/avito-pr-test/internal/http-server/handlers/user/setUserStatus.go:38.2,40.61 2 0
github.com/Dokhoyan/avito-pr-test/internal/http-server/handlers/user/setUserStatus.go:40.61,57.3 5 0
github.com/Dokhoyan/avito-pr-test/internal/http-server/handlers/user/setUserStatus.go:59.2,64.16 3 0
github.com/Dokhoyan/avito-pr-test/internal/http-server/handlers/user/setUserStatus.go:64.16,65.46 1 0
github.com/Dokhoyan/avito-pr-test/internal/http-server/handlers/user/setUserStatus.go:65.46,81.4 5 0
github.com/Dokhoyan/avito-pr-test/internal/http-server/handlers/user/setUserStatus.go:82.3,95.9 5 0
github.com/Dokhoyan/avito-pr-test/internal/http-server/handlers/user/setUserStatus.go:98.2,102.4 3 0
github.com/Dokhoyan/avito-pr-test/internal/http-server/handlers/pr/create.go:20.73,21.33 1 0
github.com/Dokhoyan/avito-pr-test/internal/http-server/handlers/pr/create.go:21.33,37.3 5 0
github.com/Dokhoyan/avito-pr-test/internal/http-server/handlers/pr/create.go:39.2,41.61 2 0
github.com/Dokhoyan/avito-pr-test/internal/http-server/handlers/pr/create.go:41.61,58.3 5 0
github.com/Dokhoyan/avito-pr-test/internal/http-server/handlers/pr/create.go:60.2,66.16 3 0
github.com/Dokhoyan/avito-pr-test/internal/http-server/handlers/pr/create.go:66.16,67.10 1 0
github.com/Dokhoyan/avito-pr-test/internal/http-server/handlers/pr/create.go:68.44,81.8 4 0
github.com/Dokhoyan/avito-pr-test/internal/http-server/handlers/pr/create.go:82.48,95.8 4 0
github.com/Dokhoyan/avito-pr-test/internal/http-server/handlers/pr/create.go:96.48,109.8 4 0
github.com/Dokhoyan/avito-pr-test/internal/http-server/handlers/pr/create.go:110.48,123.8 4 0
github.com/Dokhoyan/avito-pr-test/internal/http-server/handlers/pr/create.go:124.11,137.6 4 0
github.com/Dokhoyan/avito-pr-test/internal/http-server/handlers/pr/create.go:140.3,140.9 1 0
github.com/Dokhoyan/avito-pr-test/internal/http-server/handlers/pr/create.go:143.2,147.4 3 0
github.com/Dokhoyan/avito-pr-test/internal/http-server/handlers/pr/merge.go:18.72,19.33 1 0
github.com/Dokhoyan/avito-pr-test/internal/http-server/handlers/pr/merge.go:19.33,35.3 5 0
github.com/Dokhoyan/avito-pr-test/internal/http-server/handlers/pr/merge.go:37.2,39.61 2 0
github.com/Dokhoyan/avito-pr-test/internal/http-server/handlers/pr/merge.go:39.61,56.3 5 0
github.com/Dokhoyan/avito-pr-test/internal/http-server/handlers/pr/merge.go:58.2,62.16 3 0
github.com/Dokhoyan/avito-pr-test/internal/http-server/handlers/pr/merge.go:62.16,63.44 1 0
github.com/Dokhoyan/avito-pr-test/internal/http-server/handlers/pr/merge.go:63.44,78.4 5 0
github.com/Dokhoyan/avito-pr-test/internal/http-server/handlers/pr/merge.go:79.3,93.9 5 0
github.com/Dokhoyan/avito-pr-test/internal/http-server/handlers/pr/merge.go:96.2,100.4 3 0
github.com/Dokhoyan/avito-pr-test/internal/http-server/handlers/pr/reassign.go:19.75,20.33 1 0
github.com/Dokhoyan/avito-pr-test/internal/http-server/handlers/pr/reassign.go:20.33,36.3 5 0
github.com/Dokhoyan/avito-pr-test/internal/http-server/handlers/pr/reassign.go:38.2,40.61 2 0
github.com/Dokhoyan/avito-pr-test/internal/http-server/handlers/pr/reassign.go:40.61,57.3 5 0
github.com/Dokhoyan/avito-pr-test/internal/http-server/handlers/pr/reassign.go:59.2,64.16 3 0
github.com/Dokhoyan/avito-pr-test/internal/http-server/handlers/pr/reassign.go:64.16,65.10 1 0
github.com/Dokhoyan/avito-pr-test/internal/http-server/handlers/pr/reassign.go:66.46,80.6 4 0
github.com/Dokhoyan/avito-pr-test/internal/http-server/handlers/pr/reassign.go:81.48,94.6 4 0
github.com/Dokhoyan/avito-pr-test/internal/http-server/handlers/pr/reassign.go:95.44,109.6 4 0
github.com/Dokhoyan/avito-pr-test/internal/http-server/handlers/pr/reassign.go:110.47,124.6 4 0
github.com/Dokhoyan/avito-pr-test/internal/http-server/handlers/pr/reassign.go:125.47,140.6 4 0
github.com/Dokhoyan/avito-pr-test/internal/http-server/handlers/pr/reassign.go:141.47,155.6 4 0
github.com/Dokhoyan/avito-pr-test/internal/http-server/handlers/pr/reassign.go:156.11,169.6 4 0
github.com/Dokhoyan/avito-pr-test/internal/http-server/handlers/pr/reassign.go:172.3,172.9 1 0
github.com/Dokhoyan/avito-pr-test/internal/http-server/handlers/pr/reassign.go:175.2,180.4 3 0
github.com/Dokhoyan/avito-pr-test/internal/http-server/handlers/pr/service.go:13.61,17.2 1 0
github.com/Dokhoyan/avito-pr-test/internal/http-server/handlers/pr/service.go:19.61,23.2 3 0
github.com/Dokhoyan/avito-pr-test/internal/http-server/handlers/stats/get.go:12.75,13.32 1 0
github.com/Dokhoyan/avito-pr-test/internal/http-server/handlers/stats/get.go:13.32,29.3 5 0
github.com/Dokhoyan/avito-pr-test/internal/http-server/handlers/stats/get.go:31.2,32.16 2 0
github.com/Dokhoyan/avito-pr-test/internal/http-server/handlers/stats/get.go:32.16,46.3 5 0
github.com/Dokhoyan/avito-pr-test/internal/http-server/handlers/stats/get.go:48.2,50.34 3 0
github.com/Dokhoyan/avito-pr-test/internal/http-server/handlers/stats/service.go:13.64,15.2 1 0
github.com/Dokhoyan/avito-pr-test/internal/http-server/handlers/stats/service.go:17.61,19.2 1 0
github.com/Dokhoyan/avito-pr-test/internal/http-server/handlers/team/create.go:19.77,20.33 1 4
github.com/Dokhoyan/avito-pr-test/internal/http-server/handlers/team/create.go:20.33,36.3 5 1
github.com/Dokhoyan/avito-pr-test/internal/http-server/handlers/team/create.go:38.2,40.61 2 3
github.com/Dokhoyan/avito-pr-test/internal/http-server/handlers/team/create.go:40.61,57.3 5 1
github.com/Dokhoyan/avito-pr-test/internal/http-server/handlers/team/create.go:59.2,64.16 3 2
github.com/Dokhoyan/avito-pr-test/internal/http-server/handlers/team/create.go:64.16,65.44 1 1
github.com/Dokhoyan/avito-pr-test/internal/http-server/handlers/team/create.go:65.44,81.4 5 1
github.com/Dokhoyan/avito-pr-test/internal/http-server/handlers/team/create.go:82.3,95.9 5 0
github.com/Dokhoyan/avito-pr-test/internal/http-server/handlers/team/create.go:98.2,102.4 3 1
github.com/Dokhoyan/avito-pr-test/internal/http-server/handlers/team/get.go:18.74,19.32 1 4
github.com/Dokhoyan/avito-pr-test/internal/http-server/handlers/team/get.go:19.32,35.3 5 1
github.com/Dokhoyan/avito-pr-test/internal/http-server/handlers/team/get.go:37.2,40.24 3 3
github.com/Dokhoyan/avito-pr-test/internal/http-server/handlers/team/get.go:40.24,55.3 5 1
github.com/Dokhoyan/avito-pr-test/internal/http-server/handlers/team/get.go:57.2,61.16 3 2
github.com/Dokhoyan/avito-pr-test/internal/http-server/handlers/team/get.go:61.16,62.46 1 1
github.com/Dokhoyan/avito-pr-test/internal/http-server/handlers/team/get.go:62.46,77.4 5 1
github.com/Dokhoyan/avito-pr-test/internal/http-server/handlers/team/get.go:78.3,91.9 5 0
github.com/Dokhoyan/avito-pr-test/internal/http-server/handlers/team/get.go:94.2,96.33 3 1
github.com/Dokhoyan/avito-pr-test/internal/http-server/handlers/team/srevice.go:13.63,17.2 1 8
github.com/Dokhoyan/avito-pr-test/internal/http-server/handlers/team/srevice.go:19.61,22.2 2 0
github.com/Dokhoyan/avito-pr-test/internal/http-server/handlers/testutil/logger.go:12.23,19.2 2 2
github.com/Dokhoyan/avito-pr-test/internal/http-server/handlers/user/getUserReviews.go:18.76,19.32 1 0
github.com/Dokhoyan/avito-pr-test/internal/http-server/handlers/user/getUserReviews.go:19.32,35.3 5 0
github.com/Dokhoyan/avito-pr-test/internal/http-server/handlers/user/getUserReviews.go:37.2,40.22 3 0
github.com/Dokhoyan/avito-pr-test/internal/http-server/handlers/user/getUserReviews.go:40.22,55.3 5 0
github.com/Dokhoyan/avito-pr-test/internal/http-server/handlers/user/getUserReviews.go:57.2,61.16 3 0
github.com/Dokhoyan/avito-pr-test/internal/http-server/handlers/user/getUserReviews.go:61.16,62.46 1 0
github.com/Dokhoyan/avito-pr-test/internal/http-server/handlers/user/getUserReviews.go:62.46,77.4 5 0
github.com/Dokhoyan/avito-pr-test/internal/http-server/handlers/user/getUserReviews.go:78.3,91.9 5 0
github.com/Dokhoyan/avito-pr-test/internal/http-server/handlers/user/getUserReviews.go:94.2,99.4 3 0
github.com/Dokhoyan/avito-pr-test/internal/http-server/handlers/user/service.go:13.63,17.2 1 0
github.com/Dokhoyan/avito-pr-test/internal/http-server/handlers/user/service.go:19.61,22.2 2 0
github.com/Dokhoyan/avito-pr-test/internal/http-server/handlers/user/setUserStatus.go:19.80,20.33 1 0
github.com/Dokhoyan/avito-pr-test/internal/http-server/handlers/user/setUserStatus.go:20.33,36.3 5 0
github.com/Dokhoyan/avito-pr-test/internal/http-server/handlers/user/setUserStatus.go:38.2,40.61 2 0
github.com/Dokhoyan/avito-pr-test/internal/http-server/handlers/user/setUserStatus.go:40.61,57.3 5 0
github.com/Dokhoyan/avito-pr-test/internal/http-server/handlers/user/setUserStatus.go:59.2,64.16 3 0
github.com/Dokhoyan/avito-pr-test/internal/http-server/handlers/user/setUserStatus.go:64.16,65.46 1 0
github.com/Dokhoyan/avito-pr-test/internal/http-server/handlers/user/setUserStatus.go:65.46,81.4 5 0
github.com/Dokhoyan/avito-pr-test/internal/http-server/handlers/user/setUserStatus.go:82.3,95.9 5 0
github.com/Dokhoyan/avito-pr-test/internal/http-server/handlers/user/setUserStatus.go:98.2,102.4 3 0
github.com/Dokhoyan/avito-pr-test/internal/http-server/handlers/pr/create.go:20.73,21.33 1 0
github.com/Dokhoyan/avito-pr-test/internal/http-server/handlers/pr/create.go:21.33,37.3 5 0
github.com/Dokhoyan/avito-pr-test/internal/http-server/handlers/pr/create.go:39.2,41.61 2 0
github.com/Dokhoyan/avito-pr-test/internal/http-server/handlers/pr/create.go:41.61,58.3 5 0
github.com/Dokhoyan/avito-pr-test/internal/http-server/handlers/pr/create.go:60.2,66.16 3 0
github.com/Dokhoyan/avito-pr-test/internal/http-server/handlers/pr/create.go:66.16,67.10 1 0
github.com/Dokhoyan/avito-pr-test/internal/http-server/handlers/pr/create.go:68.44,81.8 4 0
github.com/Dokhoyan/avito-pr-test/internal/http-server/handlers/pr/create.go:82.48,95.8 4 0
github.com/Dokhoyan/avito-pr-test/internal/http-server/handlers/pr/create.go:96.48,109.8 4 0
github.com/Dokhoyan/avito-pr-test/internal/http-server/handlers/pr/create.go:110.48,123.8 4 0
github.com/Dokhoyan/avito-pr-test/internal/http-server/handlers/pr/create.go:124.11,137.6 4 0
github.com/Dokhoyan/avito-pr-test/internal/http-server/handlers/pr/create.go:140.3,140.9 1 0
github.com/Dokhoyan/avito-pr-test/internal/http-server/handlers/pr/create.go:143.2,147.4 3 0
github.com/Dokhoyan/avito-pr-test/internal/http-server/handlers/pr/merge.go:18.72,19.33 1 0
github.com/Dokhoyan/avito-pr-test/internal/http-server/handlers/pr/merge.go:19.33,35.3 5 0
github.com/Dokhoyan/avito-pr-test/internal/http-server/handlers/pr/merge.go:37.2,39.61 2 0
github.com/Dokhoyan/avito-pr-test/internal/http-server/handlers/pr/merge.go:39.61,56.3 5 0
github.com/Dokhoyan/avito-pr-test/internal/http-server/handlers/pr/merge.go:58.2,62.16 3 0
github.com/Dokhoyan/avito-pr-test/internal/http-server/handlers/pr/merge.go:62.16,63.44 1 0
github.com/Dokhoyan/avito-pr-test/internal/http-server/handlers/pr/merge.go:63.44,78.4 5 0
github.com/Dokhoyan/avito-pr-test/internal/http-server/handlers/pr/merge.go:79.3,93.9 5 0
github.com/Dokhoyan/avito-pr-test/internal/http-server/handlers/pr/merge.go:96.2,100.4 3 0
github.com/Dokhoyan/avito-pr-test/internal/http-server/handlers/pr/reassign.go:19.75,20.33 1 0
github.com/Dokhoyan/avito-pr-test/internal/http-server/handlers/pr/reassign.go:20.33,36.3 5 0
github.com/Dokhoyan/avito-pr-test/internal/http-server/handlers/pr/reassign.go:38.2,40.61 2 0
github.com/Dokhoyan/avito-pr-test/internal/http-server/handlers/pr/reassign.go:40.61,57.3 5 0
github.com/Dokhoyan/avito-pr-test/internal/http-server/handlers/pr/reassign.go:59.2,64.16 3 0
github.com/Dokhoyan/avito-pr-test/internal/http-server/handlers/pr/reassign.go:64.16,65.10 1 0
github.com/Dokhoyan/avito-pr-test/internal/http-server/handlers/pr/reassign.go:66.46,80.6 4 0
github.com/Dokhoyan/avito-pr-test/internal/http-server/handlers/pr/reassign.go:81.48,94.6 4 0
github.com/Dokhoyan/avito-pr-test/internal/http-server/handlers/pr/reassign.go:95.44,109.6 4 0
github.com/Dokhoyan/avito-pr-test/internal/http-server/handlers/pr/reassign.go:110.47,124.6 4 0
github.com/Dokhoyan/avito-pr-test/internal/http-server/handlers/pr/reassign.go:125.47,140.6 4 0
github.com/Dokhoyan/avito-pr-test/internal/http-server/handlers/pr/reassign.go:141.47,155.6 4 0
github.com/Dokhoyan/avito-pr-test/internal/http-server/handlers/pr/reassign.go:156.11,169.6 4 0
github.com/Dokhoyan/avito-pr-test/internal/http-server/handlers/pr/reassign.go:172.3,172.9 1 0
github.com/Dokhoyan/avito-pr-test/internal/http-server/handlers/pr/reassign.go:175.2,180.4 3 0
github.com/Dokhoyan/avito-pr-test/internal/http-server/handlers/pr/service.go:13.61,17.2 1 0
github.com/Dokhoyan/avito-pr-test/internal/http-server/handlers/pr/service.go:19.61,23.2 3 0
github.com/Dokhoyan/avito-pr-test/internal/http-server/handlers/stats/get.go:12.75,13.32 1 0
github.com/Dokhoyan/avito-pr-test/internal/http-server/handlers/stats/get.go:13.32,29.3 5 0
github.com/Dokhoyan/avito-pr-test/internal/http-server/handlers/stats/get.go:31.2,32.16 2 0
github.com/Dokhoyan/avito-pr-test/internal/http-server/handlers/stats/get.go:32.16,46.3 5 0
github.com/Dokhoyan/avito-pr-test/internal/http-server/handlers/stats/get.go:48.2,50.34 3 0
github.com/Dokhoyan/avito-pr-test/internal/http-server/handlers/stats/service.go:13.64,15.2 1 0
github.com/Dokhoyan/avito-pr-test/internal/http-server/handlers/stats/service.go:17.61,19.2 1 0
github.com/Dokhoyan/avito-pr-test/internal/http-server/handlers/team/create.go:19.77,20.33 1 0
github.com/Dokhoyan/avito-pr-test/internal/http-server/handlers/team/create.go:20.33,36.3 5 0
github.com/Dokhoyan/avito-pr-test/internal/http-server/handlers/team/create.go:38.2,40.61 2 0
github.com/Dokhoyan/avito-pr-test/internal/http-server/handlers/team/create.go:40.61,57.3 5 0
github.com/Dokhoyan/avito-pr-test/internal/http-server/handlers/team/create.go:59.2,64.16 3 0
github.com/Dokhoyan/avito-pr-test/internal/http-server/handlers/team/create.go:64.16,65.44 1 0
github.com/Dokhoyan/avito-pr-test/internal/http-server/handlers/team/create.go:65.44,81.4 5 0
github.com/Dokhoyan/avito-pr-test/internal/http-server/handlers/team/create.go:82.3,95.9 5 0
github.com/Dokhoyan/avito-pr-test/internal/http-server/handlers/team/create.go:98.2,102.4 3 0
github.com/Dokhoyan/avito-pr-test/internal/http-server/handlers/team/get.go:18.74,19.32 1 0
github.com/Dokhoyan/avito-pr-test/internal/http-server/handlers/team/get.go:19.32,35.3 5 0
github.com/Dokhoyan/avito-pr-test/internal/http-server/handlers/team/get.go:37.2,40.24 3 0
github.com/Dokhoyan/avito-pr-test/internal/http-server/handlers/team/get.go:40.24,55.3 5 0
github.com/Dokhoyan/avito-pr-test/internal/http-server/handlers/team/get.go:57.2,61.16 3 0
github.com/Dokhoyan/avito-pr-test/internal/http-server/handlers/team/get.go:61.16,62.46 1 0
github.com/Dokhoyan/avito-pr-test/internal/http-server/handlers/team/get.go:62.46,77.4 5 0
github.com/Dokhoyan/avito-pr-test/internal/http-server/handlers/team/get.go:78.3,91.9 5 0
github.com/Dokhoyan/avito-pr-test/internal/http-server/handlers/team/get.go:94.2,96.33 3 0
github.com/Dokhoyan/avito-pr-test/internal/http-server/handlers/team/srevice.go:13.63,17.2 1 0
github.com/Dokhoyan/avito-pr-test/internal/http-server/handlers/team/srevice.go:19.61,22.2 2 0
github.com/Dokhoyan/avito-pr-test/internal/http-server/handlers/testutil/logger.go:12.23,19.2 2 2
github.com/Dokhoyan/avito-pr-test/internal/http-server/handlers/user/getUserReviews.go:18.76,19.32 1 4
github.com/Dokhoyan/avito-pr-test/internal/http-server/handlers/user/getUserReviews.go:19.32,35.3 5 1
github.com/Dokhoyan/avito-pr-test/internal/http-server/handlers/user/getUserReviews.go:37.2,40.22 3 3
github.com/Dokhoyan/avito-pr-test/internal/http-server/handlers/user/getUserReviews.go:40.22,55.3 5 1
github.com/Dokhoyan/avito-pr-test/internal/http-server/handlers/user/getUserReviews.go:57.2,61.16 3 2
github.com/Dokhoyan/avito-pr-test/internal/http-server/handlers/user/getUserReviews.go:61.16,62.46 1 1
github.com/Dokhoyan/avito-pr-test/internal/http-server/handlers/user/getUserReviews.go:62.46,77.4 5 1
github.com/Dokhoyan/avito-pr-test/internal/http-server/handlers/user/getUserReviews.go:78.3,91.9 5 0
github.com/Dokhoyan/avito-pr-test/internal/http-server/handlers/user/getUserReviews.go:94.2,99.4 3 1
github.com/Dokhoyan/avito-pr-test/internal/http-server/handlers/user/service.go:13.63,17.2 1 8
github.com/Dokhoyan/avito-pr-test/internal/http-server/handlers/user/service.go:19.61,22.2 2 0
github.com/Dokhoyan/avito-pr-test/internal/http-server/handlers/user/setUserStatus.go:19.80,20.33 1 4
github.com/Dokhoyan/avito-pr-test/internal/http-server/handlers/user/setUserStatus.go:20.33,36.3 5 1
github.com/Dokhoyan/avito-pr-test/internal/http-server/handlers/user/setUserStatus.go:38.2,40.61 2 3
github.com/Dokhoyan/avito-pr-test/internal/http-server/handlers/user/setUserStatus.go:40.61,57.3 5 1
github.com/Dokhoyan/avito-pr-test/internal/http-server/handlers/user/setUserStatus.go:59.2,64.16 3 2
github.com/Dokhoyan/avito-pr-test/internal/http-server/handlers/user/setUserStatus.go:64.16,65.46 1 1
github.com/Dokhoyan/avito-pr-test/internal/http-server/handlers/user/setUserStatus.go:65.46,81.4 5 1
github.com/Dokhoyan/avito-pr-test/internal/http-server/handlers/user/setUserStatus.go:82.3,95.9 5 0
github.com/Dokhoyan/avito-pr-test/internal/http-server/handlers/user/setUserStatus.go:98.2,102.4 3 1
