mode: atomic
github.com/Dokhoyan/avito-pr-test/internal/service/user/getUserReviews.go:13.102,14.18 1 5
github.com/Dokhoyan/avito-pr-test/internal/service/user/getUserReviews.go:14.18,16.3 1 1
github.com/Dokhoyan/avito-pr-test/internal/service/user/getUserReviews.go:18.2,19.16 2 4
github.com/Dokhoyan/avito-pr-test/internal/service/user/getUserReviews.go:19.16,20.49 1 1
github.com/Dokhoyan/avito-pr-test/internal/service/user/getUserReviews.go:20.49,22.4 1 1
github.com/Dokhoyan/avito-pr-test/internal/service/user/getUserReviews.go:24.3,24.56 1 0
github.com/Dokhoyan/avito-pr-test/internal/service/user/getUserReviews.go:27.2,27.17 1 3
github.com/Dokhoyan/avito-pr-test/internal/service/user/getUserReviews.go:27.17,29.3 1 1
github.com/Dokhoyan/avito-pr-test/internal/service/user/getUserReviews.go:31.2,32.16 2 2
github.com/Dokhoyan/avito-pr-test/internal/service/user/getUserReviews.go:32.16,34.3 1 0
github.com/Dokhoyan/avito-pr-test/internal/service/user/getUserReviews.go:36.2,36.25 1 2
github.com/Dokhoyan/avito-pr-test/internal/service/user/getUserReviews.go:36.25,38.3 1 1
github.com/Dokhoyan/avito-pr-test/internal/service/user/getUserReviews.go:40.2,40.26 1 2
github.com/Dokhoyan/avito-pr-test/internal/service/user/service.go:14.101,16.2 1 0
github.com/Dokhoyan/avito-pr-test/internal/service/user/service.go:18.115,23.2 1 9
github.com/Dokhoyan/avito-pr-test/internal/service/user/setUserStatus.go:13.105,14.18 1 4
github.com/Dokhoyan/avito-pr-test/internal/service/user/setUserStatus.go:14.18,16.3 1 1
github.com/Dokhoyan/avito-pr-test/internal/service/user/setUserStatus.go:17.2,17.61 1 3
github.com/Dokhoyan/avito-pr-test/internal/service/user/setUserStatus.go:17.61,19.17 2 3
github.com/Dokhoyan/avito-pr-test/internal/service/user/setUserStatus.go:19.17,20.50 1 2
github.com/Dokhoyan/avito-pr-test/internal/service/user/setUserStatus.go:20.50,22.5 1 1
github.com/Dokhoyan/avito-pr-test/internal/service/user/setUserStatus.go:24.4,24.62 1 1
github.com/Dokhoyan/avito-pr-test/internal/service/user/setUserStatus.go:27.3,27.13 1 1
github.com/Dokhoyan/avito-pr-test/internal/service/user/setUserStatus.go:29.2,29.16 1 3
github.com/Dokhoyan/avito-pr-test/internal/service/user/setUserStatus.go:29.16,31.3 1 2
github.com/Dokhoyan/avito-pr-test/internal/service/user/setUserStatus.go:32.2,33.16 2 1
github.com/Dokhoyan/avito-pr-test/internal/service/user/setUserStatus.go:33.16,35.3 1 0
github.com/Dokhoyan/avito-pr-test/internal/service/user/setUserStatus.go:37.2,37.18 1 1
github.com/Dokhoyan/avito-pr-test/internal/service/stats/get.go:9.68,12.54 2 5
github.com/Dokhoyan/avito-pr-test/internal/service/stats/get.go:12.54,14.17 2 5
github.com/Dokhoyan/avito-pr-test/internal/service/stats/get.go:14.17,16.4 1 1
github.com/Dokhoyan/avito-pr-test/internal/service/stats/get.go:18.3,19.17 2 4
github.com/Dokhoyan/avito-pr-test/internal/service/stats/get.go:19.17,21.4 1 1
github.com/Dokhoyan/avito-pr-test/internal/service/stats/get.go:23.3,24.17 2 3
github.com/Dokhoyan/avito-pr-test/internal/service/stats/get.go:24.17,26.4 1 1
github.com/Dokhoyan/avito-pr-test/internal/service/stats/get.go:28.3,29.17 2 2
github.com/Dokhoyan/avito-pr-test/internal/service/stats/get.go:29.17,31.4 1 1
github.com/Dokhoyan/avito-pr-test/internal/service/stats/get.go:33.3,43.13 2 1
github.com/Dokhoyan/avito-pr-test/internal/service/stats/get.go:45.2,45.16 1 5
github.com/Dokhoyan/avito-pr-test/internal/service/stats/get.go:45.16,47.3 1 4
github.com/Dokhoyan/avito-pr-test/internal/service/stats/get.go:49.2,49.19 1 1
github.com/Dokhoyan/avito-pr-test/internal/service/stats/service.go:14.92,16.2 1 0
github.com/Dokhoyan/avito-pr-test/internal/service/stats/service.go:18.106,23.2 1 5
github.com/Dokhoyan/avito-pr-test/internal/service/team/create.go:12.125,13.20 1 9
github.com/Dokhoyan/avito-pr-test/internal/service/team/create.go:13.20,15.3 1 1
github.com/Dokhoyan/avito-pr-test/internal/service/team/create.go:16.2,16.23 1 8
github.com/Dokhoyan/avito-pr-test/internal/service/team/create.go:16.23,18.3 1 1
github.com/Dokhoyan/avito-pr-test/internal/service/team/create.go:20.2,20.61 1 7
github.com/Dokhoyan/avito-pr-test/internal/service/team/create.go:20.61,22.17 2 7
github.com/Dokhoyan/avito-pr-test/internal/service/team/create.go:22.17,24.4 1 1
github.com/Dokhoyan/avito-pr-test/internal/service/team/create.go:25.3,25.13 1 6
github.com/Dokhoyan/avito-pr-test/internal/service/team/create.go:25.13,27.4 1 1
github.com/Dokhoyan/avito-pr-test/internal/service/team/create.go:29.3,29.62 1 5
github.com/Dokhoyan/avito-pr-test/internal/service/team/create.go:29.62,31.4 1 1
github.com/Dokhoyan/avito-pr-test/internal/service/team/create.go:33.3,33.34 1 4
github.com/Dokhoyan/avito-pr-test/internal/service/team/create.go:33.34,34.52 1 5
github.com/Dokhoyan/avito-pr-test/internal/service/team/create.go:34.52,36.5 1 1
github.com/Dokhoyan/avito-pr-test/internal/service/team/create.go:38.4,38.79 1 4
github.com/Dokhoyan/avito-pr-test/internal/service/team/create.go:38.79,40.5 1 1
github.com/Dokhoyan/avito-pr-test/internal/service/team/create.go:43.3,43.13 1 2
github.com/Dokhoyan/avito-pr-test/internal/service/team/create.go:45.2,45.16 1 7
github.com/Dokhoyan/avito-pr-test/internal/service/team/create.go:45.16,47.3 1 5
github.com/Dokhoyan/avito-pr-test/internal/service/team/create.go:49.2,49.53 1 2
github.com/Dokhoyan/avito-pr-test/internal/service/team/get.go:13.83,14.20 1 4
github.com/Dokhoyan/avito-pr-test/internal/service/team/get.go:14.20,16.3 1 1
github.com/Dokhoyan/avito-pr-test/internal/service/team/get.go:18.2,19.16 2 3
github.com/Dokhoyan/avito-pr-test/internal/service/team/get.go:19.16,20.49 1 2
github.com/Dokhoyan/avito-pr-test/internal/service/team/get.go:20.49,22.4 1 1
github.com/Dokhoyan/avito-pr-test/internal/service/team/get.go:24.3,24.69 1 1
github.com/Dokhoyan/avito-pr-test/internal/service/team/get.go:27.2,27.18 1 1
github.com/Dokhoyan/avito-pr-test/internal/service/team/service.go:15.137,17.2 1 0
github.com/Dokhoyan/avito-pr-test/internal/service/team/service.go:19.151,25.2 1 13
