mode: atomic
github.com/Dokhoyan/avito-pr-test/internal/service/pr/create.go:15.105,16.50 1 16
github.com/Dokhoyan/avito-pr-test/internal/service/pr/create.go:16.50,18.3 1 1
github.com/Dokhoyan/avito-pr-test/internal/service/pr/create.go:19.2,19.61 1 15
github.com/Dokhoyan/avito-pr-test/internal/service/pr/create.go:19.61,21.17 2 15
github.com/Dokhoyan/avito-pr-test/internal/service/pr/create.go:21.17,23.4 1 1
github.com/Dokhoyan/avito-pr-test/internal/service/pr/create.go:24.3,24.13 1 14
github.com/Dokhoyan/avito-pr-test/internal/service/pr/create.go:24.13,26.4 1 1
github.com/Dokhoyan/avito-pr-test/internal/service/pr/create.go:27.3,28.17 2 13
github.com/Dokhoyan/avito-pr-test/internal/service/pr/create.go:28.17,29.50 1 2
github.com/Dokhoyan/avito-pr-test/internal/service/pr/create.go:29.50,31.5 1 1
github.com/Dokhoyan/avito-pr-test/internal/service/pr/create.go:33.4,33.54 1 1
github.com/Dokhoyan/avito-pr-test/internal/service/pr/create.go:35.3,35.18 1 11
github.com/Dokhoyan/avito-pr-test/internal/service/pr/create.go:35.18,37.4 1 1
github.com/Dokhoyan/avito-pr-test/internal/service/pr/create.go:38.3,38.21 1 10
github.com/Dokhoyan/avito-pr-test/internal/service/pr/create.go:38.21,40.4 1 1
github.com/Dokhoyan/avito-pr-test/internal/service/pr/create.go:41.3,42.17 2 9
github.com/Dokhoyan/avito-pr-test/internal/service/pr/create.go:42.17,44.4 1 1
github.com/Dokhoyan/avito-pr-test/internal/service/pr/create.go:45.3,45.18 1 8
github.com/Dokhoyan/avito-pr-test/internal/service/pr/create.go:45.18,47.4 1 1
github.com/Dokhoyan/avito-pr-test/internal/service/pr/create.go:49.3,55.64 2 7
github.com/Dokhoyan/avito-pr-test/internal/service/pr/create.go:55.64,57.4 1 1
github.com/Dokhoyan/avito-pr-test/internal/service/pr/create.go:58.3,59.60 2 6
github.com/Dokhoyan/avito-pr-test/internal/service/pr/create.go:59.60,61.4 1 1
github.com/Dokhoyan/avito-pr-test/internal/service/pr/create.go:62.3,62.40 1 5
github.com/Dokhoyan/avito-pr-test/internal/service/pr/create.go:62.40,63.73 1 5
github.com/Dokhoyan/avito-pr-test/internal/service/pr/create.go:63.73,65.5 1 1
github.com/Dokhoyan/avito-pr-test/internal/service/pr/create.go:68.3,68.13 1 4
github.com/Dokhoyan/avito-pr-test/internal/service/pr/create.go:70.2,70.16 1 15
github.com/Dokhoyan/avito-pr-test/internal/service/pr/create.go:70.16,72.3 1 11
github.com/Dokhoyan/avito-pr-test/internal/service/pr/create.go:73.2,74.16 2 4
github.com/Dokhoyan/avito-pr-test/internal/service/pr/create.go:74.16,75.47 1 2
github.com/Dokhoyan/avito-pr-test/internal/service/pr/create.go:75.47,77.4 1 1
github.com/Dokhoyan/avito-pr-test/internal/service/pr/create.go:79.3,79.54 1 1
github.com/Dokhoyan/avito-pr-test/internal/service/pr/create.go:82.2,82.16 1 2
github.com/Dokhoyan/avito-pr-test/internal/service/pr/create.go:85.95,87.16 2 6
github.com/Dokhoyan/avito-pr-test/internal/service/pr/create.go:87.16,89.3 1 1
github.com/Dokhoyan/avito-pr-test/internal/service/pr/create.go:91.2,91.26 1 5
github.com/Dokhoyan/avito-pr-test/internal/service/pr/create.go:91.26,93.3 1 1
github.com/Dokhoyan/avito-pr-test/internal/service/pr/create.go:94.2,94.43 1 4
github.com/Dokhoyan/avito-pr-test/internal/service/pr/create.go:94.43,96.17 2 1
github.com/Dokhoyan/avito-pr-test/internal/service/pr/create.go:96.17,98.4 1 0
github.com/Dokhoyan/avito-pr-test/internal/service/pr/create.go:99.3,100.62 2 1
github.com/Dokhoyan/avito-pr-test/internal/service/pr/create.go:103.2,106.36 3 4
github.com/Dokhoyan/avito-pr-test/internal/service/pr/create.go:106.36,108.3 1 5
github.com/Dokhoyan/avito-pr-test/internal/service/pr/create.go:110.2,110.25 1 4
github.com/Dokhoyan/avito-pr-test/internal/service/pr/merge.go:14.86,15.16 1 7
github.com/Dokhoyan/avito-pr-test/internal/service/pr/merge.go:15.16,17.3 1 1
github.com/Dokhoyan/avito-pr-test/internal/service/pr/merge.go:18.2,18.61 1 6
github.com/Dokhoyan/avito-pr-test/internal/service/pr/merge.go:18.61,20.17 2 6
github.com/Dokhoyan/avito-pr-test/internal/service/pr/merge.go:20.17,21.48 1 2
github.com/Dokhoyan/avito-pr-test/internal/service/pr/merge.go:21.48,23.5 1 1
github.com/Dokhoyan/avito-pr-test/internal/service/pr/merge.go:25.4,25.50 1 1
github.com/Dokhoyan/avito-pr-test/internal/service/pr/merge.go:27.3,27.16 1 4
github.com/Dokhoyan/avito-pr-test/internal/service/pr/merge.go:27.16,29.4 1 0
github.com/Dokhoyan/avito-pr-test/internal/service/pr/merge.go:30.3,30.40 1 4
github.com/Dokhoyan/avito-pr-test/internal/service/pr/merge.go:30.40,32.4 1 1
github.com/Dokhoyan/avito-pr-test/internal/service/pr/merge.go:33.3,34.17 2 3
github.com/Dokhoyan/avito-pr-test/internal/service/pr/merge.go:34.17,36.4 1 1
github.com/Dokhoyan/avito-pr-test/internal/service/pr/merge.go:38.3,38.13 1 2
github.com/Dokhoyan/avito-pr-test/internal/service/pr/merge.go:40.2,40.16 1 6
github.com/Dokhoyan/avito-pr-test/internal/service/pr/merge.go:40.16,42.3 1 3
github.com/Dokhoyan/avito-pr-test/internal/service/pr/merge.go:44.2,45.16 2 3
github.com/Dokhoyan/avito-pr-test/internal/service/pr/merge.go:45.16,47.3 1 1
github.com/Dokhoyan/avito-pr-test/internal/service/pr/merge.go:49.2,49.16 1 2
github.com/Dokhoyan/avito-pr-test/internal/service/pr/reassign.go:15.123,16.44 1 13
github.com/Dokhoyan/avito-pr-test/internal/service/pr/reassign.go:16.44,18.3 1 1
github.com/Dokhoyan/avito-pr-test/internal/service/pr/reassign.go:19.2,21.61 3 12
github.com/Dokhoyan/avito-pr-test/internal/service/pr/reassign.go:21.61,23.17 2 12
github.com/Dokhoyan/avito-pr-test/internal/service/pr/reassign.go:23.17,25.4 1 2
github.com/Dokhoyan/avito-pr-test/internal/service/pr/reassign.go:26.3,26.16 1 10
github.com/Dokhoyan/avito-pr-test/internal/service/pr/reassign.go:26.16,28.4 1 0
github.com/Dokhoyan/avito-pr-test/internal/service/pr/reassign.go:29.3,29.40 1 10
github.com/Dokhoyan/avito-pr-test/internal/service/pr/reassign.go:29.40,31.4 1 1
github.com/Dokhoyan/avito-pr-test/internal/service/pr/reassign.go:33.3,34.49 2 9
github.com/Dokhoyan/avito-pr-test/internal/service/pr/reassign.go:34.49,35.29 1 10
github.com/Dokhoyan/avito-pr-test/internal/service/pr/reassign.go:35.29,38.10 2 8
github.com/Dokhoyan/avito-pr-test/internal/service/pr/reassign.go:41.3,41.18 1 9
github.com/Dokhoyan/avito-pr-test/internal/service/pr/reassign.go:41.18,43.4 1 1
github.com/Dokhoyan/avito-pr-test/internal/service/pr/reassign.go:45.3,46.17 2 8
github.com/Dokhoyan/avito-pr-test/internal/service/pr/reassign.go:46.17,47.50 1 1
github.com/Dokhoyan/avito-pr-test/internal/service/pr/reassign.go:47.50,49.5 1 0
github.com/Dokhoyan/avito-pr-test/internal/service/pr/reassign.go:51.4,51.57 1 1
github.com/Dokhoyan/avito-pr-test/internal/service/pr/reassign.go:53.3,54.17 2 7
github.com/Dokhoyan/avito-pr-test/internal/service/pr/reassign.go:54.17,56.4 1 1
github.com/Dokhoyan/avito-pr-test/internal/service/pr/reassign.go:58.3,58.27 1 6
github.com/Dokhoyan/avito-pr-test/internal/service/pr/reassign.go:58.27,60.4 1 1
github.com/Dokhoyan/avito-pr-test/internal/service/pr/reassign.go:61.3,62.40 2 5
github.com/Dokhoyan/avito-pr-test/internal/service/pr/reassign.go:62.40,64.50 2 6
github.com/Dokhoyan/avito-pr-test/internal/service/pr/reassign.go:64.50,65.37 1 9
github.com/Dokhoyan/avito-pr-test/internal/service/pr/reassign.go:65.37,68.11 2 1
github.com/Dokhoyan/avito-pr-test/internal/service/pr/reassign.go:72.4,72.26 1 6
github.com/Dokhoyan/avito-pr-test/internal/service/pr/reassign.go:72.26,74.5 1 5
github.com/Dokhoyan/avito-pr-test/internal/service/pr/reassign.go:76.3,76.36 1 5
github.com/Dokhoyan/avito-pr-test/internal/service/pr/reassign.go:76.36,78.4 1 1
github.com/Dokhoyan/avito-pr-test/internal/service/pr/reassign.go:79.3,80.17 2 4
github.com/Dokhoyan/avito-pr-test/internal/service/pr/reassign.go:80.17,82.4 1 0
github.com/Dokhoyan/avito-pr-test/internal/service/pr/reassign.go:84.3,87.79 3 4
github.com/Dokhoyan/avito-pr-test/internal/service/pr/reassign.go:87.79,89.4 1 1
github.com/Dokhoyan/avito-pr-test/internal/service/pr/reassign.go:91.3,91.83 1 3
github.com/Dokhoyan/avito-pr-test/internal/service/pr/reassign.go:91.83,93.4 1 1
github.com/Dokhoyan/avito-pr-test/internal/service/pr/reassign.go:95.3,96.17 2 2
github.com/Dokhoyan/avito-pr-test/internal/service/pr/reassign.go:96.17,98.4 1 1
github.com/Dokhoyan/avito-pr-test/internal/service/pr/reassign.go:99.3,101.13 2 1
github.com/Dokhoyan/avito-pr-test/internal/service/pr/reassign.go:103.2,103.16 1 12
github.com/Dokhoyan/avito-pr-test/internal/service/pr/reassign.go:103.16,105.3 1 11
github.com/Dokhoyan/avito-pr-test/internal/service/pr/reassign.go:107.2,107.37 1 1
github.com/Dokhoyan/avito-pr-test/internal/service/pr/service.go:16.185,18.2 1 0
github.com/Dokhoyan/avito-pr-test/internal/service/pr/service.go:20.199,27.2 1 36
