mode: atomic
github.com/Dokhoyan/avito-pr-test/internal/service/team/create.go:12.125,13.20 1 9
github.com/Dokhoyan/avito-pr-test/internal/service/team/create.go:13.20,15.3 1 1
github.com/Dokhoyan/avito-pr-test/internal/service/team/create.go:16.2,16.23 1 8
github.com/Dokhoyan/avito-pr-test/internal/service/team/create.go:16.23,18.3 1 1
github.com/Dokhoyan/avito-pr-test/internal/service/team/create.go:20.2,20.61 1 7
github.com/Dokhoyan/avito-pr-test/internal/service/team/create.go:20.61,22.17 2 7
github.com/Dokhoyan/avito-pr-test/internal/service/team/create.go:22.17,24.4 1 1
github.com/Dokhoyan/avito-pr-test/internal/service/team/create.go:25.3,25.13 1 6
github.com/Dokhoyan/avito-pr-test/internal/service/team/create.go:25.13,27.4 1 1
github.com/Dokhoyan/avito-pr-test/internal/service/team/create.go:29.3,29.62 1 5
github.com/Dokhoyan/avito-pr-test/internal/service/team/create.go:29.62,31.4 1 1
github.com/Dokhoyan/avito-pr-test/internal/service/team/create.go:33.3,33.34 1 4
github.com/Dokhoyan/avito-pr-test/internal/service/team/create.go:33.34,34.52 1 5
github.com/Dokhoyan/avito-pr-test/internal/service/team/create.go:34.52,36.5 1 1
github.com/Dokhoyan/avito-pr-test/internal/service/team/create.go:38.4,38.79 1 4
github.com/Dokhoyan/avito-pr-test/internal/service/team/create.go:38.79,40.5 1 1
github.com/Dokhoyan/avito-pr-test/internal/service/team/create.go:43.3,43.13 1 2
github.com/Dokhoyan/avito-pr-test/internal/service/team/create.go:45.2,45.16 1 7
github.com/Dokhoyan/avito-pr-test/internal/service/team/create.go:45.16,47.3 1 5
github.com/Dokhoyan/avito-pr-test/internal/service/team/create.go:49.2,49.53 1 2
github.com/Dokhoyan/avito-pr-test/internal/service/team/get.go:13.83,14.20 1 4
github.com/Dokhoyan/avito-pr-test/internal/service/team/get.go:14.20,16.3 1 1
github.com/Dokhoyan/avito-pr-test/internal/service/team/get.go:18.2,19.16 2 3
github.com/Dokhoyan/avito-pr-test/internal/service/team/get.go:19.16,20.49 1 2
github.com/Dokhoyan/avito-pr-test/internal/service/team/get.go:20.49,22.4 1 1
github.com/Dokhoyan/avito-pr-test/internal/service/team/get.go:24.3,24.69 1 1
github.com/Dokhoyan/avito-pr-test/internal/service/team/get.go:27.2,27.18 1 1
github.com/Dokhoyan/avito-pr-test/internal/service/team/service.go:15.137,17.2 1 0
github.com/Dokhoyan/avito-pr-test/internal/service/team/service.go:19.151,25.2 1 13
