mode: atomic
github.com/Dokhoyan/avito-pr-test/internal/service/user/getUserReviews.go:13.102,14.18 1 5
github.com/Dokhoyan/avito-pr-test/internal/service/user/getUserReviews.go:14.18,16.3 1 1
github.com/Dokhoyan/avito-pr-test/internal/service/user/getUserReviews.go:18.2,19.16 2 4
github.com/Dokhoyan/avito-pr-test/internal/service/user/getUserReviews.go:19.16,20.49 1 1
github.com/Dokhoyan/avito-pr-test/internal/service/user/getUserReviews.go:20.49,22.4 1 1
github.com/Dokhoyan/avito-pr-test/internal/service/user/getUserReviews.go:24.3,24.56 1 0
github.com/Dokhoyan/avito-pr-test/internal/service/user/getUserReviews.go:27.2,27.17 1 3
github.com/Dokhoyan/avito-pr-test/internal/service/user/getUserReviews.go:27.17,29.3 1 1
github.com/Dokhoyan/avito-pr-test/internal/service/user/getUserReviews.go:31.2,32.16 2 2
github.com/Dokhoyan/avito-pr-test/internal/service/user/getUserReviews.go:32.16,34.3 1 0
github.com/Dokhoyan/avito-pr-test/internal/service/user/getUserReviews.go:36.2,36.25 1 2
github.com/Dokhoyan/avito-pr-test/internal/service/user/getUserReviews.go:36.25,38.3 1 1
github.com/Dokhoyan/avito-pr-test/internal/service/user/getUserReviews.go:40.2,40.26 1 2
github.com/Dokhoyan/avito-pr-test/internal/service/user/service.go:14.101,16.2 1 0
github.com/Dokhoyan/avito-pr-test/internal/service/user/service.go:18.115,23.2 1 9
github.com/Dokhoyan/avito-pr-test/internal/service/user/setUserStatus.go:13.105,14.18 1 4
github.com/Dokhoyan/avito-pr-test/internal/service/user/setUserStatus.go:14.18,16.3 1 1
github.com/Dokhoyan/avito-pr-test/internal/service/user/setUserStatus.go:17.2,17.61 1 3
github.com/Dokhoyan/avito-pr-test/internal/service/user/setUserStatus.go:17.61,19.17 2 3
github.com/Dokhoyan/avito-pr-test/internal/service/user/setUserStatus.go:19.17,20.50 1 2
github.com/Dokhoyan/avito-pr-test/internal/service/user/setUserStatus.go:20.50,22.5 1 1
github.com/Dokhoyan/avito-pr-test/internal/service/user/setUserStatus.go:24.4,24.62 1 1
github.com/Dokhoyan/avito-pr-test/internal/service/user/setUserStatus.go:27.3,27.13 1 1
github.com/Dokhoyan/avito-pr-test/internal/service/user/setUserStatus.go:29.2,29.16 1 3
github.com/Dokhoyan/avito-pr-test/internal/service/user/setUserStatus.go:29.16,31.3 1 2
github.com/Dokhoyan/avito-pr-test/internal/service/user/setUserStatus.go:32.2,33.16 2 1
github.com/Dokhoyan/avito-pr-test/internal/service/user/setUserStatus.go:33.16,35.3 1 0
github.com/Dokhoyan/avito-pr-test/internal/service/user/setUserStatus.go:37.2,37.18 1 1
